Archive member included to satisfy reference by file (symbol)

C:/Program Files/TeliumSDK/SDK11.20.3.05/SDKT3/HW_TETRA/gnu_531/lib/Platform/liblinklayer.lib(LL_GetStatus.o)
                              Obj/GNU_ARM_DEBUG_TETRA/Utils.o (LL_GetStatus)
C:/Program Files/TeliumSDK/SDK11.20.3.05/SDKT3/HW_TETRA/gnu_531/lib/Platform/liblinklayer.lib(LINKLAYER_asm_link.o)
                              C:/Program Files/TeliumSDK/SDK11.20.3.05/SDKT3/HW_TETRA/gnu_531/lib/Platform/liblinklayer.lib(LL_GetStatus.o) (LINKLAYER_InitFuncAndBranch)
C:/Program Files/TeliumSDK/SDK11.20.3.05/SDKT3/HW_TETRA/gnu_531/lib/Platform/liblinklayer.lib(LINKLAYER_link.o)
                              C:/Program Files/TeliumSDK/SDK11.20.3.05/SDKT3/HW_TETRA/gnu_531/lib/Platform/liblinklayer.lib(LINKLAYER_asm_link.o) (LINKLAYER_GetProcAddress)
C:/Program Files/TeliumSDK/SDK11.20.3.05/SDKT3/HW_TETRA/gnu_531/lib/Platform/libpackip.lib(ssllib_close.o)
                              Obj/GNU_ARM_DEBUG_TETRA/CvConnect.o (ssllib_close)
C:/Program Files/TeliumSDK/SDK11.20.3.05/SDKT3/HW_TETRA/gnu_531/lib/Platform/libpackip.lib(ssllib_open.o)
                              Obj/GNU_ARM_DEBUG_TETRA/CvConnect.o (ssllib_open)
C:/Program Files/TeliumSDK/SDK11.20.3.05/SDKT3/HW_TETRA/gnu_531/lib/Platform/libpackip.lib(SSL_DeleteProfile.o)
                              Obj/GNU_ARM_DEBUG_TETRA/CvConnect.o (SSL_DeleteProfile)
C:/Program Files/TeliumSDK/SDK11.20.3.05/SDKT3/HW_TETRA/gnu_531/lib/Platform/libpackip.lib(PACKIP_asm_link.o)
                              C:/Program Files/TeliumSDK/SDK11.20.3.05/SDKT3/HW_TETRA/gnu_531/lib/Platform/libpackip.lib(ssllib_close.o) (PACKIP_InitFuncAndBranch)
C:/Program Files/TeliumSDK/SDK11.20.3.05/SDKT3/HW_TETRA/gnu_531/lib/Platform/libpackip.lib(PACKIP_link.o)
                              C:/Program Files/TeliumSDK/SDK11.20.3.05/SDKT3/HW_TETRA/gnu_531/lib/Platform/libpackip.lib(PACKIP_asm_link.o) (PACKIP_GetProcAddress)
C:/Program Files/TeliumSDK/SDK11.20.3.05/SDKT3/HW_TETRA/gnu_531/lib/Platform/libtlvtree.lib(TlvTree_AddChild.o)
                              Obj/GNU_ARM_DEBUG_TETRA/TxnStartEnd.o (TlvTree_AddChild)
C:/Program Files/TeliumSDK/SDK11.20.3.05/SDKT3/HW_TETRA/gnu_531/lib/Platform/libtlvtree.lib(TlvTree_AddChildInteger.o)
                              Obj/GNU_ARM_DEBUG_TETRA/TxnStartEnd.o (TlvTree_AddChildInteger)
C:/Program Files/TeliumSDK/SDK11.20.3.05/SDKT3/HW_TETRA/gnu_531/lib/Platform/libtlvtree.lib(TlvTree_GetFirstChild.o)
                              Obj/GNU_ARM_DEBUG_TETRA/TxnStartEnd.o (TlvTree_GetFirstChild)
C:/Program Files/TeliumSDK/SDK11.20.3.05/SDKT3/HW_TETRA/gnu_531/lib/Platform/libtlvtree.lib(TlvTree_GetNext.o)
                              Obj/GNU_ARM_DEBUG_TETRA/TxnStartEnd.o (TlvTree_GetNext)
C:/Program Files/TeliumSDK/SDK11.20.3.05/SDKT3/HW_TETRA/gnu_531/lib/Platform/libtlvtree.lib(TlvTree_GetTag.o)
                              Obj/GNU_ARM_DEBUG_TETRA/TxnStartEnd.o (TlvTree_GetTag)
C:/Program Files/TeliumSDK/SDK11.20.3.05/SDKT3/HW_TETRA/gnu_531/lib/Platform/libtlvtree.lib(TLV_TREE_DLL_asm_link.o)
                              C:/Program Files/TeliumSDK/SDK11.20.3.05/SDKT3/HW_TETRA/gnu_531/lib/Platform/libtlvtree.lib(TlvTree_AddChild.o) (TLV_TREE_DLL_InitFuncAndBranch)
C:/Program Files/TeliumSDK/SDK11.20.3.05/SDKT3/HW_TETRA/gnu_531/lib/Platform/libtlvtree.lib(TLV_TREE_DLL_link.o)
                              C:/Program Files/TeliumSDK/SDK11.20.3.05/SDKT3/HW_TETRA/gnu_531/lib/Platform/libtlvtree.lib(TLV_TREE_DLL_asm_link.o) (TLV_TREE_DLL_GetProcAddress)
C:/Program Files/TeliumSDK/SDK11.20.3.05/SDKT3/HW_TETRA/gnu_531/lib/Platform/SQLITELIB.a(OSL_Dll_GetSymbolByName.o)
                              C:/Program Files/TeliumSDK/SDK11.20.3.05/SDKT3/HW_TETRA/gnu_531/lib/Platform/liblinklayer.lib(LINKLAYER_link.o) (OSL_Dll_GetSymbolByName)
C:/Program Files/TeliumSDK/SDK11.20.3.05/SDKT3/HW_TETRA/gnu_531/lib/Platform/SQLITELIB.a(OSL_Dll_IsPresent.o)
                              C:/Program Files/TeliumSDK/SDK11.20.3.05/SDKT3/HW_TETRA/gnu_531/lib/Platform/liblinklayer.lib(LINKLAYER_link.o) (OSL_Dll_IsPresent)
C:/Program Files/TeliumSDK/SDK11.20.3.05/SDKT3/HW_TETRA/gnu_531/lib/Platform/SQLITELIB.a(OSL_Dll_Open.o)
                              C:/Program Files/TeliumSDK/SDK11.20.3.05/SDKT3/HW_TETRA/gnu_531/lib/Platform/liblinklayer.lib(LINKLAYER_link.o) (OSL_Dll_Open)
C:/Program Files/TeliumSDK/SDK11.20.3.05/SDKT3/HW_TETRA/gnu_531/lib/Platform\libGRAPHICLIB.a(GL_File_Copy.o)
                              Obj/GNU_ARM_DEBUG_TETRA/Utils.o (GL_File_Copy)
C:/Program Files/TeliumSDK/SDK11.20.3.05/SDKT3/HW_TETRA/gnu_531/lib/Platform\libGRAPHICLIB.a(GL_link.o)
                              C:/Program Files/TeliumSDK/SDK11.20.3.05/SDKT3/HW_TETRA/gnu_531/lib/Platform\libGRAPHICLIB.a(GL_File_Copy.o) (GL_GetProcAddress)
C:/Program Files/TeliumSDK/SDK11.20.3.05/SDKT3/HW_TETRA/gnu_531/lib/Platform\libgtl.a(GTL_Convert.o)
                              Obj/GNU_ARM_DEBUG_TETRA/Transaction.o (GTL_Convert_UllToDcdNumber)
[...]
Memory Configuration

Name             Origin             Length             Attributes
*default*        0x00000000         0xffffffff

Linker script and memory map

LOAD D:/Ingenico/IngeDev_8.20.26.0/toolchains/gnuArm531v7a-5/arm-islero-linux-gnueabihf/sysroot/usr/lib/crti.o
LOAD D:/Ingenico/IngeDev_8.20.26.0/toolchains/gnuArm531v7a-5/arm-islero-linux-gnueabihf/sysroot/usr/lib/crt1.o
LOAD D:/Ingenico/IngeDev_8.20.26.0/toolchains/gnuArm531v7a-5/lib/gcc/arm-islero-linux-gnueabihf/5.3.1/crtbegin.o
LOAD C:/Program Files/TeliumSDK/SDK11.20.3.05/SDKT3/HW_TETRA/gnu_531/startfiles/startup_t3entry.o
LOAD Obj/GNU_ARM_DEBUG_TETRA/Main.o
LOAD Obj/GNU_ARM_DEBUG_TETRA/BaseDrawWindow.o
LOAD Obj/GNU_ARM_DEBUG_TETRA/TxnStartEnd.o
LOAD Obj/GNU_ARM_DEBUG_TETRA/Utils.o
LOAD Obj/GNU_ARM_DEBUG_TETRA/Transaction.o
LOAD Obj/GNU_ARM_DEBUG_TETRA/CvConnect.o
START GROUP
LOAD D:/MyProjects/TETRA/cib_dll_t3/Bin/GNU_ARM_DEBUG_TETRA/libCibT3Dll.so
LOAD C:/Program Files/TeliumSDK/SDK11.20.3.05/SDKT3/HW_TETRA/gnu_531/lib/Platform/LIBBATTERY.T3L
LOAD C:/Program Files/TeliumSDK/SDK11.20.3.05/SDKT3/HW_TETRA/gnu_531/lib/Platform/LIBBLIGHT.T3L
LOAD C:/Program Files/TeliumSDK/SDK11.20.3.05/SDKT3/HW_TETRA/gnu_531/lib/Platform/LIBBUZZER.T3L
LOAD C:/Program Files/TeliumSDK/SDK11.20.3.05/SDKT3/HW_TETRA/gnu_531/lib/Platform/LIBCAPTURE.T3L
LOAD C:/Program Files/TeliumSDK/SDK11.20.3.05/SDKT3/HW_TETRA/gnu_531/lib/Platform/LIBBIO.T3L
LOAD C:/Program Files/TeliumSDK/SDK11.20.3.05/SDKT3/HW_TETRA/gnu_531/lib/Platform/LIBPPADTEXT.T3L
LOAD C:/Program Files/TeliumSDK/SDK11.20.3.05/SDKT3/HW_TETRA/gnu_531/lib/Platform/LIBGPS.T3L
LOAD C:/Program Files/TeliumSDK/SDK11.20.3.05/SDKT3/HW_TETRA/gnu_531/lib/Platform/LIBDESKTOP.T3L
LOAD C:/Program Files/TeliumSDK/SDK11.20.3.05/SDKT3/HW_TETRA/gnu_531/lib/Platform/libethernet.lib
LOAD C:/Program Files/TeliumSDK/SDK11.20.3.05/SDKT3/HW_TETRA/gnu_531/lib/Platform/LIBEXPLORER.T3L
LOAD C:/Program Files/TeliumSDK/SDK11.20.3.05/SDKT3/HW_TETRA/gnu_531/lib/Platform/libgprs.lib
LOAD C:/Program Files/TeliumSDK/SDK11.20.3.05/SDKT3/HW_TETRA/gnu_531/lib/Platform/libspmci.lib
LOAD C:/Program Files/TeliumSDK/SDK11.20.3.05/SDKT3/HW_TETRA/gnu_531/lib/Platform/libpcl.lib
LOAD C:/Program Files/TeliumSDK/SDK11.20.3.05/SDKT3/HW_TETRA/gnu_531/lib/Platform/libwifi.lib
LOAD C:/Program Files/TeliumSDK/SDK11.20.3.05/SDKT3/HW_TETRA/gnu_531/lib/Platform/LIBGRAPHICS.T3L
LOAD C:/Program Files/TeliumSDK/SDK11.20.3.05/SDKT3/HW_TETRA/gnu_531/lib/Platform/LIBACCELERO.T3L
LOAD C:/Program Files/TeliumSDK/SDK11.20.3.05/SDKT3/HW_TETRA/gnu_531/lib/Platform/LIBHEADER.T3L
LOAD C:/Program Files/TeliumSDK/SDK11.20.3.05/SDKT3/HW_TETRA/gnu_531/lib/Platform/LIBINACTIVI.T3L
LOAD C:/Program Files/TeliumSDK/SDK11.20.3.05/SDKT3/HW_TETRA/gnu_531/lib/Platform/liblinklayer.lib
LOAD C:/Program Files/TeliumSDK/SDK11.20.3.05/SDKT3/HW_TETRA/gnu_531/lib/Platform/libtmscall.lib
LOAD C:/Program Files/TeliumSDK/SDK11.20.3.05/SDKT3/HW_TETRA/gnu_531/lib/Platform/libtmsdownload.lib
LOAD C:/Program Files/TeliumSDK/SDK11.20.3.05/SDKT3/HW_TETRA/gnu_531/lib/Platform/libmodem.lib
LOAD C:/Program Files/TeliumSDK/SDK11.20.3.05/SDKT3/HW_TETRA/gnu_531/lib/Platform/LIBMONITOR.T3L
LOAD C:/Program Files/TeliumSDK/SDK11.20.3.05/SDKT3/HW_TETRA/gnu_531/lib/Platform/LIBOS.T3L
LOAD C:/Program Files/TeliumSDK/SDK11.20.3.05/SDKT3/HW_TETRA/gnu_531/lib/Platform/libpackip.lib
LOAD C:/Program Files/TeliumSDK/SDK11.20.3.05/SDKT3/HW_TETRA/gnu_531/lib/Platform/LIBPRINTER.T3L
LOAD C:/Program Files/TeliumSDK/SDK11.20.3.05/SDKT3/HW_TETRA/gnu_531/lib/Platform/LIBPROTOBUF.T3L
LOAD C:/Program Files/TeliumSDK/SDK11.20.3.05/SDKT3/HW_TETRA/gnu_531/lib/Platform/LIBSCRSAVER.T3L
LOAD C:/Program Files/TeliumSDK/SDK11.20.3.05/SDKT3/HW_TETRA/gnu_531/lib/Platform/LIBSERVICE.T3L
LOAD C:/Program Files/TeliumSDK/SDK11.20.3.05/SDKT3/HW_TETRA/gnu_531/lib/Platform/libSecurity.lib
LOAD C:/Program Files/TeliumSDK/SDK11.20.3.05/SDKT3/HW_TETRA/gnu_531/lib/Platform/LIBSETTING.T3L
LOAD C:/Program Files/TeliumSDK/SDK11.20.3.05/SDKT3/HW_TETRA/gnu_531/lib/Platform/libsoftmgt.lib
LOAD C:/Program Files/TeliumSDK/SDK11.20.3.05/SDKT3/HW_TETRA/gnu_531/lib/Platform/LIBSVCDIRPX.T3L
LOAD C:/Program Files/TeliumSDK/SDK11.20.3.05/SDKT3/HW_TETRA/gnu_531/lib/Platform/LIBSVCDIRSK.T3L
LOAD C:/Program Files/TeliumSDK/SDK11.20.3.05/SDKT3/HW_TETRA/gnu_531/lib/Platform/libTrEngine.T3L
LOAD C:/Program Files/TeliumSDK/SDK11.20.3.05/SDKT3/HW_TETRA/gnu_531/lib/Platform/LIBVIRT_KB.T3L
LOAD C:/Program Files/TeliumSDK/SDK11.20.3.05/SDKT3/HW_TETRA/gnu_531/lib/Platform/libtlvtree.lib
LOAD C:/Program Files/TeliumSDK/SDK11.20.3.05/SDKT3/HW_TETRA/gnu_531/lib/Platform/SQLITELIB.a
LOAD C:/Program Files/TeliumSDK/SDK11.20.3.05/SDKT3/HW_TETRA/gnu_531/lib/Platform/LibBridge.T3L
LOAD C:/Program Files/TeliumSDK/SDK11.20.3.05/SDKT3/HW_TETRA/gnu_531/lib/Platform/libbluetooth.lib
LOAD C:/Program Files/TeliumSDK/SDK11.20.3.05/SDKT3/HW_TETRA/gnu_531/lib/Platform/LIBMORPHO.T3L
LOAD C:/Program Files/TeliumSDK/SDK11.20.3.05/SDKT3/HW_TETRA/gnu_531/lib/Platform/libndef.lib
LOAD C:/Program Files/TeliumSDK/SDK11.20.3.05/SDKT3/HW_TETRA/gnu_531/lib/Platform/LIB1LINESCR.T3L
LOAD C:/Program Files/TeliumSDK/SDK11.20.3.05/SDKT3/HW_TETRA/gnu_531/lib/Platform/LIBCASHDRAW.T3L
LOAD C:/Program Files/TeliumSDK/SDK11.20.3.05/SDKT3/HW_TETRA/gnu_531/lib/Platform/termdiag.a
LOAD C:/Program Files/TeliumSDK/SDK11.20.3.05/SDKT3/HW_TETRA/gnu_531/lib/Platform\libGRAPHICLIB.a
LOAD C:/Program Files/TeliumSDK/SDK11.20.3.05/SDKT3/HW_TETRA/gnu_531/lib/Platform\libchip.a
LOAD C:/Program Files/TeliumSDK/SDK11.20.3.05/SDKT3/HW_TETRA/gnu_531/lib/Platform\libcless.a
LOAD C:/Program Files/TeliumSDK/SDK11.20.3.05/SDKT3/HW_TETRA/gnu_531/lib/Platform\libgtl.a
LOAD C:/Program Files/TeliumSDK/SDK11.20.3.05/SDKT3/HW_TETRA/gnu_531/lib/Platform\libled.a
LOAD C:/Program Files/TeliumSDK/SDK11.20.3.05/SDKT3/HW_TETRA/gnu_531/lib/Platform\libPpad.a
LOAD C:/Program Files/TeliumSDK/SDK11.20.3.05/SDKT3/HW_TETRA/gnu_531/lib/Platform\libswipe.a
LOAD C:/Program Files/TeliumSDK/SDK11.20.3.05/SDKT3/HW_TETRA/gnu_531/lib/Platform\libtransac.a
LOAD C:/Program Files/TeliumSDK/SDK11.20.3.05/SDKT3/HW_TETRA/gnu_531/lib/Platform\libOSLAYER.a
LOAD C:/Program Files/TeliumSDK/SDK11.20.3.05/SDKT3/HW_TETRA/gnu_531/lib/OS/libtelinux.so
LOAD C:/Program Files/TeliumSDK/SDK11.20.3.05/SDKT3/HW_TETRA/gnu_531/lib/Platform\libtoken.a
LOAD C:/Program Files/TeliumSDK/SDK11.20.3.05/SDKT3/HW_TETRA/gnu_531/lib/Platform\libtmsapplication.a
LOAD C:/Program Files/TeliumSDK/SDK11.20.3.05/SDKT3/HW_TETRA/gnu_531/lib/Platform\libmifare.a
LOAD C:/Program Files/TeliumSDK/SDK11.20.3.05/SDKT3/HW_TETRA/gnu_531/lib/Platform\libmifareProxy.a
LOAD C:/Program Files/TeliumSDK/SDK11.20.3.05/SDKT3/HW_TETRA/gnu_531/lib/Platform\libhbeat.a
LOAD C:/Program Files/TeliumSDK/SDK11.20.3.05/SDKT3/HW_TETRA/gnu_531/lib/Platform\libautoinit.a
LOAD C:/Program Files/TeliumSDK/SDK11.20.3.05/SDKT3/HW_TETRA/gnu_531/lib/Platform\libcommmisc.a
LOAD D:/Ingenico/IngeDev_8.20.26.0/toolchains/gnuArm531v7a-5/arm-islero-linux-gnueabihf/sysroot/usr/lib/libc.so
START GROUP
LOAD D:/Ingenico/IngeDev_8.20.26.0/toolchains/gnuArm531v7a-5/arm-islero-linux-gnueabihf/sysroot/lib/libc.so.6
LOAD D:/Ingenico/IngeDev_8.20.26.0/toolchains/gnuArm531v7a-5/arm-islero-linux-gnueabihf/sysroot/usr/lib/libc_nonshared.a
LOAD D:/Ingenico/IngeDev_8.20.26.0/toolchains/gnuArm531v7a-5/arm-islero-linux-gnueabihf/sysroot/lib/ld-linux.so.3
END GROUP
LOAD D:/Ingenico/IngeDev_8.20.26.0/toolchains/gnuArm531v7a-5/lib/gcc/arm-islero-linux-gnueabihf/5.3.1\libgcc.a
LOAD D:/Ingenico/IngeDev_8.20.26.0/toolchains/gnuArm531v7a-5/arm-islero-linux-gnueabihf/sysroot/lib/libgcc_s.so
START GROUP
LOAD D:/Ingenico/IngeDev_8.20.26.0/toolchains/gnuArm531v7a-5/arm-islero-linux-gnueabihf/sysroot/lib\libgcc_s.so.1
LOAD D:/Ingenico/IngeDev_8.20.26.0/toolchains/gnuArm531v7a-5/lib/gcc/arm-islero-linux-gnueabihf/5.3.1\libgcc.a
END GROUP
LOAD D:/Ingenico/IngeDev_8.20.26.0/toolchains/gnuArm531v7a-5/arm-islero-linux-gnueabihf/sysroot/lib/libstdc++.so
END GROUP
LOAD D:/Ingenico/IngeDev_8.20.26.0/toolchains/gnuArm531v7a-5/lib/gcc/arm-islero-linux-gnueabihf/5.3.1/crtend.o
LOAD D:/Ingenico/IngeDev_8.20.26.0/toolchains/gnuArm531v7a-5/arm-islero-linux-gnueabihf/sysroot/usr/lib/crtn.o
LOAD C:/Program Files/TeliumSDK/SDK11.20.3.05/SDKT3/HW_TETRA/gnu_531/startfiles/stapp_legacyexitpoint.o
                [!provide]                PROVIDE (__executable_start, 0x0)
                0x00000134                . = (0x0 + SIZEOF_HEADERS)

.interp         0x00000134       0x13
 *(.interp)
 .interp        0x00000134       0x13 D:/Ingenico/IngeDev_8.20.26.0/toolchains/gnuArm531v7a-5/arm-islero-linux-gnueabihf/sysroot/usr/lib/crti.o

.note.ABI-tag   0x00000148       0x20
 .note.ABI-tag  0x00000148       0x20 D:/Ingenico/IngeDev_8.20.26.0/toolchains/gnuArm531v7a-5/arm-islero-linux-gnueabihf/sysroot/usr/lib/crt1.o

.note.gnu.build-id
 *(.note.gnu.build-id)

.hash           0x00000168      0xae8
 *(.hash)
 .hash          0x00000168      0xae8 D:/Ingenico/IngeDev_8.20.26.0/toolchains/gnuArm531v7a-5/arm-islero-linux-gnueabihf/sysroot/usr/lib/crti.o

.gnu.hash
 *(.gnu.hash)

.dynsym         0x00000c50     0x1b10
 *(.dynsym)
 .dynsym        0x00000c50     0x1b10 D:/Ingenico/IngeDev_8.20.26.0/toolchains/gnuArm531v7a-5/arm-islero-linux-gnueabihf/sysroot/usr/lib/crti.o

.dynstr         0x00002760     0x53b5
 *(.dynstr)
 .dynstr        0x00002760     0x53b5 D:/Ingenico/IngeDev_8.20.26.0/toolchains/gnuArm531v7a-5/arm-islero-linux-gnueabihf/sysroot/usr/lib/crti.o

.gnu.version    0x00007b16      0x362
 *(.gnu.version)
 .gnu.version   0x00007b16      0x362 D:/Ingenico/IngeDev_8.20.26.0/toolchains/gnuArm531v7a-5/arm-islero-linux-gnueabihf/sysroot/usr/lib/crti.o

.gnu.version_d  0x00007e78        0x0
 *(.gnu.version_d)
 .gnu.version_d
                0x00007e78        0x0 D:/Ingenico/IngeDev_8.20.26.0/toolchains/gnuArm531v7a-5/arm-islero-linux-gnueabihf/sysroot/usr/lib/crti.o

.gnu.version_r  0x00007e78       0xa0
 *(.gnu.version_r)
 .gnu.version_r
                0x00007e78       0xa0 D:/Ingenico/IngeDev_8.20.26.0/toolchains/gnuArm531v7a-5/arm-islero-linux-gnueabihf/sysroot/usr/lib/crti.o

.rel.dyn        0x00007f18      0x3b0
 *(.rel.init)
 *(.rel.text .rel.text.* .rel.gnu.linkonce.t.*)
 .rel.text      0x00007f18      0x130 D:/Ingenico/IngeDev_8.20.26.0/toolchains/gnuArm531v7a-5/arm-islero-linux-gnueabihf/sysroot/usr/lib/crti.o
 .rel.text._ZN8ingenico5tools9SingletonINS_8graphics10GraphicLibEE3refEv
                0x00008048        0x0 D:/Ingenico/IngeDev_8.20.26.0/toolchains/gnuArm531v7a-5/arm-islero-linux-gnueabihf/sysroot/usr/lib/crti.o
 .rel.text._ZN5UtilsD2Ev
                0x00008048        0x0 D:/Ingenico/IngeDev_8.20.26.0/toolchains/gnuArm531v7a-5/arm-islero-linux-gnueabihf/sysroot/usr/lib/crti.o
 .rel.text._ZN8ingenico5tools9SingletonI5UtilsED2Ev
                0x00008048        0x0 D:/Ingenico/IngeDev_8.20.26.0/toolchains/gnuArm531v7a-5/arm-islero-linux-gnueabihf/sysroot/usr/lib/crti.o
 .rel.text._ZN8ingenico5tools9SingletonI5UtilsEC2Ev
                0x00008048        0x0 D:/Ingenico/IngeDev_8.20.26.0/toolchains/gnuArm531v7a-5/arm-islero-linux-gnueabihf/sysroot/usr/lib/crti.o
 .rel.text._ZN8ingenico5tools9SingletonI5UtilsE3refEv
                0x00008048        0x0 D:/Ingenico/IngeDev_8.20.26.0/toolchains/gnuArm531v7a-5/arm-islero-linux-gnueabihf/sysroot/usr/lib/crti.o
 *(.rel.fini)
 *(.rel.rodata .rel.rodata.* .rel.gnu.linkonce.r.*)
 *(.rel.data.rel.ro .rel.data.rel.ro.* .rel.gnu.linkonce.d.rel.ro.*)
 .rel.data.rel.ro
                0x00008048      0x108 D:/Ingenico/IngeDev_8.20.26.0/toolchains/gnuArm531v7a-5/arm-islero-linux-gnueabihf/sysroot/usr/lib/crti.o
 .rel.data.rel.ro.local._ZTV5Utils
                0x00008150       0x18 D:/Ingenico/IngeDev_8.20.26.0/toolchains/gnuArm531v7a-5/arm-islero-linux-gnueabihf/sysroot/usr/lib/crti.o
 .rel.data.rel.ro.local._ZTVN8ingenico5tools9SingletonI5UtilsEE
                0x00008168       0x18 D:/Ingenico/IngeDev_8.20.26.0/toolchains/gnuArm531v7a-5/arm-islero-linux-gnueabihf/sysroot/usr/lib/crti.o
 .rel.data.rel.ro._ZTI5Utils
                0x00008180       0x18 D:/Ingenico/IngeDev_8.20.26.0/toolchains/gnuArm531v7a-5/arm-islero-linux-gnueabihf/sysroot/usr/lib/crti.o
 .rel.data.rel.ro._ZTIN8ingenico5tools9SingletonI5UtilsEE
                0x00008198       0x10 D:/Ingenico/IngeDev_8.20.26.0/toolchains/gnuArm531v7a-5/arm-islero-linux-gnueabihf/sysroot/usr/lib/crti.o
 .rel.data.rel.ro.local
                0x000081a8       0x18 D:/Ingenico/IngeDev_8.20.26.0/toolchains/gnuArm531v7a-5/arm-islero-linux-gnueabihf/sysroot/usr/lib/crti.o
 *(.rel.data .rel.data.* .rel.gnu.linkonce.d.*)
 .rel.data      0x000081c0       0x68 D:/Ingenico/IngeDev_8.20.26.0/toolchains/gnuArm531v7a-5/arm-islero-linux-gnueabihf/sysroot/usr/lib/crti.o
 .rel.data.rel.local
                0x00008228        0x8 D:/Ingenico/IngeDev_8.20.26.0/toolchains/gnuArm531v7a-5/arm-islero-linux-gnueabihf/sysroot/usr/lib/crti.o
 *(.rel.tdata .rel.tdata.* .rel.gnu.linkonce.td.*)
 *(.rel.tbss .rel.tbss.* .rel.gnu.linkonce.tb.*)
 *(.rel.ctors)
 *(.rel.dtors)
 *(.rel.got)
 .rel.got       0x00008230       0x38 D:/Ingenico/IngeDev_8.20.26.0/toolchains/gnuArm531v7a-5/arm-islero-linux-gnueabihf/sysroot/usr/lib/crti.o
 *(.rel.bss .rel.bss.* .rel.gnu.linkonce.b.*)
                [!provide]                PROVIDE (__rel_iplt_start, .)
 *(.rel.iplt)
 .rel.iplt      0x00008268        0x0 D:/Ingenico/IngeDev_8.20.26.0/toolchains/gnuArm531v7a-5/arm-islero-linux-gnueabihf/sysroot/usr/lib/crti.o
                [!provide]                PROVIDE (__rel_iplt_end, .)
 .rel.init_array
                0x00008268       0x40 D:/Ingenico/IngeDev_8.20.26.0/toolchains/gnuArm531v7a-5/arm-islero-linux-gnueabihf/sysroot/usr/lib/crti.o
 .rel.fini_array
                0x000082a8        0x8 D:/Ingenico/IngeDev_8.20.26.0/toolchains/gnuArm531v7a-5/arm-islero-linux-gnueabihf/sysroot/usr/lib/crti.o
 .rel.init_array.00101
                0x000082b0        0x8 D:/Ingenico/IngeDev_8.20.26.0/toolchains/gnuArm531v7a-5/arm-islero-linux-gnueabihf/sysroot/usr/lib/crti.o
 .rel.fini_array.00101
                0x000082b8        0x8 D:/Ingenico/IngeDev_8.20.26.0/toolchains/gnuArm531v7a-5/arm-islero-linux-gnueabihf/sysroot/usr/lib/crti.o
 .rel.fini_array.00201
                0x000082c0        0x8 D:/Ingenico/IngeDev_8.20.26.0/toolchains/gnuArm531v7a-5/arm-islero-linux-gnueabihf/sysroot/usr/lib/crti.o

.rela.dyn       0x000082c8        0x0
 *(.rela.init)
 *(.rela.text .rela.text.* .rela.gnu.linkonce.t.*)
 *(.rela.fini)
 *(.rela.rodata .rela.rodata.* .rela.gnu.linkonce.r.*)
 *(.rela.data .rela.data.* .rela.gnu.linkonce.d.*)
 *(.rela.tdata .rela.tdata.* .rela.gnu.linkonce.td.*)
 *(.rela.tbss .rela.tbss.* .rela.gnu.linkonce.tb.*)
 *(.rela.ctors)
 *(.rela.dtors)
 *(.rela.got)
 *(.rela.bss .rela.bss.* .rela.gnu.linkonce.b.*)
                [!provide]                PROVIDE (__rela_iplt_start, .)
 *(.rela.iplt)
                [!provide]                PROVIDE (__rela_iplt_end, .)

.rel.plt        0x000082c8      0x4e8
 *(.rel.plt)
 .rel.plt       0x000082c8      0x4e8 D:/Ingenico/IngeDev_8.20.26.0/toolchains/gnuArm531v7a-5/arm-islero-linux-gnueabihf/sysroot/usr/lib/crti.o

.rela.plt
 *(.rela.plt)

.init           0x000087b0        0xc
 *(SORT(.init))
 .init          0x000087b0        0x8 D:/Ingenico/IngeDev_8.20.26.0/toolchains/gnuArm531v7a-5/arm-islero-linux-gnueabihf/sysroot/usr/lib/crti.o
                0x000087b0                _init
 .init          0x000087b8        0x4 D:/Ingenico/IngeDev_8.20.26.0/toolchains/gnuArm531v7a-5/arm-islero-linux-gnueabihf/sysroot/usr/lib/crtn.o

.plt            0x000087bc      0x780
 *(.plt)
 .plt           0x000087bc      0x780 D:/Ingenico/IngeDev_8.20.26.0/toolchains/gnuArm531v7a-5/arm-islero-linux-gnueabihf/sysroot/usr/lib/crti.o

.iplt           0x00008f3c        0x0
 *(.iplt)
 .iplt          0x00008f3c        0x0 D:/Ingenico/IngeDev_8.20.26.0/toolchains/gnuArm531v7a-5/arm-islero-linux-gnueabihf/sysroot/usr/lib/crti.o

.text           0x00008f40     0xbe28
 *(.text.unlikely .text.*_unlikely .text.unlikely.*)
 *(.text.exit .text.exit.*)
 .text.exit     0x00008f40      0x104 C:/Program Files/TeliumSDK/SDK11.20.3.05/SDKT3/HW_TETRA/gnu_531/startfiles/stapp_legacyexitpoint.o
                0x00008f40                telinux_after_main_last
                0x00008f7c                telinux_gmon_dump_prepare
 *(.text.startup .text.startup.*)
 .text.startup  0x00009044        0x8 C:/Program Files/TeliumSDK/SDK11.20.3.05/SDKT3/HW_TETRA/gnu_531/startfiles/startup_t3entry.o
                0x00009044                telinux_before_main_first
                0x00009048                telinux_before_main_last
 *(.text.hot .text.hot.*)
 *(.text .stub .text.* .gnu.linkonce.t.*)
 .text          0x0000904c       0x24 D:/Ingenico/IngeDev_8.20.26.0/toolchains/gnuArm531v7a-5/arm-islero-linux-gnueabihf/sysroot/usr/lib/crti.o
 .text          0x00009070       0x3c D:/Ingenico/IngeDev_8.20.26.0/toolchains/gnuArm531v7a-5/arm-islero-linux-gnueabihf/sysroot/usr/lib/crt1.o
                0x00009070                _start
 .text          0x000090ac       0xc4 D:/Ingenico/IngeDev_8.20.26.0/toolchains/gnuArm531v7a-5/lib/gcc/arm-islero-linux-gnueabihf/5.3.1/crtbegin.o
 .text          0x00009170       0x18 C:/Program Files/TeliumSDK/SDK11.20.3.05/SDKT3/HW_TETRA/gnu_531/startfiles/startup_t3entry.o
                0x00009170                entry
                0x00009174                __stack_chk_fail
 .text          0x00009188      0x154 Obj/GNU_ARM_DEBUG_TETRA/Main.o
                0x00009188                main
 .text._ZStplIcSt11char_traitsIcESaIcEESbIT_T0_T1_ERKS6_PKS3_
                0x000092dc       0x54 Obj/GNU_ARM_DEBUG_TETRA/Main.o
                0x000092dc                std::basic_string<char, std::char_traits<char>, std::allocator<char> > std::operator+<char, std::char_traits<char>, std::allocator<char> >(std::basic_string<char, std::char_traits<char>, std::allocator<char> > const&, char const*)
 .text._ZN8ingenico5tools9SingletonINS_8graphics10GraphicLibEE3refEv
                0x00009330      0x15c Obj/GNU_ARM_DEBUG_TETRA/Main.o
                0x00009330                ingenico::tools::Singleton<ingenico::graphics::GraphicLib>::ref()
 .text          0x0000948c      0x360 Obj/GNU_ARM_DEBUG_TETRA/BaseDrawWindow.o
                0x0000948c                BaseDrawWindow::BaseDrawWindow(ingenico::graphics::GraphicLib&)
                0x0000948c                BaseDrawWindow::BaseDrawWindow(ingenico::graphics::GraphicLib&)
                0x00009558                BaseDrawWindow::getMainWindow()
                0x00009578                BaseDrawWindow::showSnackBar(std::string const&, bool)
                0x000095ec                BaseDrawWindow::createSnackBar()
                0x000096d8                BaseDrawWindow::hideSnackBar()
                0x00009728                BaseDrawWindow::~BaseDrawWindow()
                0x00009728                BaseDrawWindow::~BaseDrawWindow()
                0x00009760                BaseDrawWindow::~BaseDrawWindow()
 .text          0x000097ec      0x63c Obj/GNU_ARM_DEBUG_TETRA/TxnStartEnd.o
                0x000097ec                TxnStartEnd::TxnStartEnd()
                0x000097ec                TxnStartEnd::TxnStartEnd()
                0x00009818                TxnStartEnd::~TxnStartEnd()
                0x00009818                TxnStartEnd::~TxnStartEnd()
                0x00009850                TxnStartEnd::~TxnStartEnd()
                0x00009870                TxnStartEnd::start(int*, int*)
                0x00009b6c                TxnStartEnd::checkAndPrepare(int*, int*)
                0x00009d38                TxnStartEnd::end(int*, int*)
 .text._ZN3cib11transaction8handlers15StartEndHandlerD2Ev
                0x00009e28       0x38 Obj/GNU_ARM_DEBUG_TETRA/TxnStartEnd.o
                0x00009e28                cib::transaction::handlers::StartEndHandler::~StartEndHandler()
                0x00009e28                cib::transaction::handlers::StartEndHandler::~StartEndHandler()
 .text._ZN3cib11transaction8handlers15StartEndHandlerD0Ev
                0x00009e60       0x20 Obj/GNU_ARM_DEBUG_TETRA/TxnStartEnd.o
                0x00009e60                cib::transaction::handlers::StartEndHandler::~StartEndHandler()
 .text._ZN3cib11transaction8handlers13__TransactionC2Ev
                0x00009e80       0x18 Obj/GNU_ARM_DEBUG_TETRA/TxnStartEnd.o
                0x00009e80                cib::transaction::handlers::__Transaction::__Transaction()
                0x00009e80                cib::transaction::handlers::__Transaction::__Transaction()
 .text._ZN3cib11transaction8handlers15StartEndHandlerC2Ev
                0x00009e98       0x30 Obj/GNU_ARM_DEBUG_TETRA/TxnStartEnd.o
                0x00009e98                cib::transaction::handlers::StartEndHandler::StartEndHandler()
                0x00009e98                cib::transaction::handlers::StartEndHandler::StartEndHandler()
 .text._ZN3cib11transaction8handlers12CurrencyInfoC2Ev
                0x00009ec8       0x48 Obj/GNU_ARM_DEBUG_TETRA/TxnStartEnd.o
                0x00009ec8                cib::transaction::handlers::CurrencyInfo::CurrencyInfo()
                0x00009ec8                cib::transaction::handlers::CurrencyInfo::CurrencyInfo()
 .text._ZN3cib11transaction8handlers12CurrencyInfoD2Ev
                0x00009f10       0x48 Obj/GNU_ARM_DEBUG_TETRA/TxnStartEnd.o
                0x00009f10                cib::transaction::handlers::CurrencyInfo::~CurrencyInfo()
                0x00009f10                cib::transaction::handlers::CurrencyInfo::~CurrencyInfo()
 .text._ZN3cib11transaction8handlers15TransactionInfoC2Ev
                0x00009f58      0x128 Obj/GNU_ARM_DEBUG_TETRA/TxnStartEnd.o
                0x00009f58                cib::transaction::handlers::TransactionInfo::TransactionInfo()
                0x00009f58                cib::transaction::handlers::TransactionInfo::TransactionInfo()
 .text._ZN3cib11transaction8handlers15TransactionInfoD2Ev
                0x0000a080      0x128 Obj/GNU_ARM_DEBUG_TETRA/TxnStartEnd.o
                0x0000a080                cib::transaction::handlers::TransactionInfo::~TransactionInfo()
                0x0000a080                cib::transaction::handlers::TransactionInfo::~TransactionInfo()
 .text._ZN6__json8DocumentD2Ev
                0x0000a1a8       0x48 Obj/GNU_ARM_DEBUG_TETRA/TxnStartEnd.o
                0x0000a1a8                __json::Document::~Document()
                0x0000a1a8                __json::Document::~Document()
 .text._ZNSt6vectorIN3cib11transaction8handlers7TagInfoESaIS3_EEC2Ev
                0x0000a1f0       0x1c Obj/GNU_ARM_DEBUG_TETRA/TxnStartEnd.o
                0x0000a1f0                std::vector<cib::transaction::handlers::TagInfo, std::allocator<cib::transaction::handlers::TagInfo> >::vector()
                0x0000a1f0                std::vector<cib::transaction::handlers::TagInfo, std::allocator<cib::transaction::handlers::TagInfo> >::vector()
 .text._ZNSt6vectorIN3cib11transaction8handlers7TagInfoESaIS3_EED2Ev
                0x0000a20c       0x44 Obj/GNU_ARM_DEBUG_TETRA/TxnStartEnd.o
                0x0000a20c                std::vector<cib::transaction::handlers::TagInfo, std::allocator<cib::transaction::handlers::TagInfo> >::~vector()
                0x0000a20c                std::vector<cib::transaction::handlers::TagInfo, std::allocator<cib::transaction::handlers::TagInfo> >::~vector()
 .text._ZNSt6vectorIN6__json8DocumentESaIS1_EED2Ev
                0x0000a250       0x44 Obj/GNU_ARM_DEBUG_TETRA/TxnStartEnd.o
                0x0000a250                std::vector<__json::Document, std::allocator<__json::Document> >::~vector()
                0x0000a250                std::vector<__json::Document, std::allocator<__json::Document> >::~vector()
 .text._ZNSt6vectorIN3cib11transaction8handlers6LogAppESaIS3_EEC2Ev
                0x0000a294       0x1c Obj/GNU_ARM_DEBUG_TETRA/TxnStartEnd.o
                0x0000a294                std::vector<cib::transaction::handlers::LogApp, std::allocator<cib::transaction::handlers::LogApp> >::vector()
                0x0000a294                std::vector<cib::transaction::handlers::LogApp, std::allocator<cib::transaction::handlers::LogApp> >::vector()
 .text._ZNSt6vectorIN3cib11transaction8handlers6LogAppESaIS3_EED2Ev
                0x0000a2b0       0x44 Obj/GNU_ARM_DEBUG_TETRA/TxnStartEnd.o
                0x0000a2b0                std::vector<cib::transaction::handlers::LogApp, std::allocator<cib::transaction::handlers::LogApp> >::~vector()
                0x0000a2b0                std::vector<cib::transaction::handlers::LogApp, std::allocator<cib::transaction::handlers::LogApp> >::~vector()
 .text._ZNSt6vectorIN3cib11transaction8handlers10ReaderInfoESaIS3_EEC2Ev
                0x0000a2f4       0x1c Obj/GNU_ARM_DEBUG_TETRA/TxnStartEnd.o
                0x0000a2f4                std::vector<cib::transaction::handlers::ReaderInfo, std::allocator<cib::transaction::handlers::ReaderInfo> >::vector()
                0x0000a2f4                std::vector<cib::transaction::handlers::ReaderInfo, std::allocator<cib::transaction::handlers::ReaderInfo> >::vector()
 .text._ZNSt6vectorIN3cib11transaction8handlers10ReaderInfoESaIS3_EED2Ev
                0x0000a310       0x44 Obj/GNU_ARM_DEBUG_TETRA/TxnStartEnd.o
                0x0000a310                std::vector<cib::transaction::handlers::ReaderInfo, std::allocator<cib::transaction::handlers::ReaderInfo> >::~vector()
                0x0000a310                std::vector<cib::transaction::handlers::ReaderInfo, std::allocator<cib::transaction::handlers::ReaderInfo> >::~vector()
 .text._ZNSt12_Vector_baseIN3cib11transaction8handlers7TagInfoESaIS3_EE12_Vector_implD2Ev
                0x0000a354       0x18 Obj/GNU_ARM_DEBUG_TETRA/TxnStartEnd.o
                0x0000a354                std::_Vector_base<cib::transaction::handlers::TagInfo, std::allocator<cib::transaction::handlers::TagInfo> >::_Vector_impl::~_Vector_impl()
                0x0000a354                std::_Vector_base<cib::transaction::handlers::TagInfo, std::allocator<cib::transaction::handlers::TagInfo> >::_Vector_impl::~_Vector_impl()
 .text._ZNSt12_Vector_baseIN3cib11transaction8handlers7TagInfoESaIS3_EEC2Ev
                0x0000a36c       0x1c Obj/GNU_ARM_DEBUG_TETRA/TxnStartEnd.o
                0x0000a36c                std::_Vector_base<cib::transaction::handlers::TagInfo, std::allocator<cib::transaction::handlers::TagInfo> >::_Vector_base()
                0x0000a36c                std::_Vector_base<cib::transaction::handlers::TagInfo, std::allocator<cib::transaction::handlers::TagInfo> >::_Vector_base()
 .text._ZNSt12_Vector_baseIN3cib11transaction8handlers7TagInfoESaIS3_EED2Ev
                0x0000a388       0x44 Obj/GNU_ARM_DEBUG_TETRA/TxnStartEnd.o
                0x0000a388                std::_Vector_base<cib::transaction::handlers::TagInfo, std::allocator<cib::transaction::handlers::TagInfo> >::~_Vector_base()
                0x0000a388                std::_Vector_base<cib::transaction::handlers::TagInfo, std::allocator<cib::transaction::handlers::TagInfo> >::~_Vector_base()
 .text._ZNSt12_Vector_baseIN3cib11transaction8handlers7TagInfoESaIS3_EE19_M_get_Tp_allocatorEv
                0x0000a3cc       0x18 Obj/GNU_ARM_DEBUG_TETRA/TxnStartEnd.o
                0x0000a3cc                std::_Vector_base<cib::transaction::handlers::TagInfo, std::allocator<cib::transaction::handlers::TagInfo> >::_M_get_Tp_allocator()
 .text._ZSt8_DestroyIPN3cib11transaction8handlers7TagInfoES3_EvT_S5_RSaIT0_E
                0x0000a3e4       0x1c Obj/GNU_ARM_DEBUG_TETRA/TxnStartEnd.o
                0x0000a3e4                void std::_Destroy<cib::transaction::handlers::TagInfo*, cib::transaction::handlers::TagInfo>(cib::transaction::handlers::TagInfo*, cib::transaction::handlers::TagInfo*, std::allocator<cib::transaction::handlers::TagInfo>&)
 .text._ZNSt12_Vector_baseIN6__json8DocumentESaIS1_EE12_Vector_implD2Ev
                0x0000a400       0x18 Obj/GNU_ARM_DEBUG_TETRA/TxnStartEnd.o
                0x0000a400                std::_Vector_base<__json::Document, std::allocator<__json::Document> >::_Vector_impl::~_Vector_impl()
                0x0000a400                std::_Vector_base<__json::Document, std::allocator<__json::Document> >::_Vector_impl::~_Vector_impl()
 .text._ZNSt12_Vector_baseIN6__json8DocumentESaIS1_EED2Ev
                0x0000a418       0x50 Obj/GNU_ARM_DEBUG_TETRA/TxnStartEnd.o
                0x0000a418                std::_Vector_base<__json::Document, std::allocator<__json::Document> >::~_Vector_base()
                0x0000a418                std::_Vector_base<__json::Document, std::allocator<__json::Document> >::~_Vector_base()
 .text._ZNSt12_Vector_baseIN6__json8DocumentESaIS1_EE19_M_get_Tp_allocatorEv
                0x0000a468       0x18 Obj/GNU_ARM_DEBUG_TETRA/TxnStartEnd.o
                0x0000a468                std::_Vector_base<__json::Document, std::allocator<__json::Document> >::_M_get_Tp_allocator()
 .text._ZSt8_DestroyIPN6__json8DocumentES1_EvT_S3_RSaIT0_E
                0x0000a480       0x1c Obj/GNU_ARM_DEBUG_TETRA/TxnStartEnd.o
                0x0000a480                void std::_Destroy<__json::Document*, __json::Document>(__json::Document*, __json::Document*, std::allocator<__json::Document>&)
 .text._ZNSt12_Vector_baseIN3cib11transaction8handlers6LogAppESaIS3_EE12_Vector_implD2Ev
                0x0000a49c       0x18 Obj/GNU_ARM_DEBUG_TETRA/TxnStartEnd.o
                0x0000a49c                std::_Vector_base<cib::transaction::handlers::LogApp, std::allocator<cib::transaction::handlers::LogApp> >::_Vector_impl::~_Vector_impl()
                0x0000a49c                std::_Vector_base<cib::transaction::handlers::LogApp, std::allocator<cib::transaction::handlers::LogApp> >::_Vector_impl::~_Vector_impl()
 .text._ZNSt12_Vector_baseIN3cib11transaction8handlers6LogAppESaIS3_EEC2Ev
                0x0000a4b4       0x1c Obj/GNU_ARM_DEBUG_TETRA/TxnStartEnd.o
                0x0000a4b4                std::_Vector_base<cib::transaction::handlers::LogApp, std::allocator<cib::transaction::handlers::LogApp> >::_Vector_base()
                0x0000a4b4                std::_Vector_base<cib::transaction::handlers::LogApp, std::allocator<cib::transaction::handlers::LogApp> >::_Vector_base()
 .text._ZNSt12_Vector_baseIN3cib11transaction8handlers6LogAppESaIS3_EED2Ev
                0x0000a4d0       0x44 Obj/GNU_ARM_DEBUG_TETRA/TxnStartEnd.o
                0x0000a4d0                std::_Vector_base<cib::transaction::handlers::LogApp, std::allocator<cib::transaction::handlers::LogApp> >::~_Vector_base()
                0x0000a4d0                std::_Vector_base<cib::transaction::handlers::LogApp, std::allocator<cib::transaction::handlers::LogApp> >::~_Vector_base()
 .text._ZNSt12_Vector_baseIN3cib11transaction8handlers6LogAppESaIS3_EE19_M_get_Tp_allocatorEv
                0x0000a514       0x18 Obj/GNU_ARM_DEBUG_TETRA/TxnStartEnd.o
                0x0000a514                std::_Vector_base<cib::transaction::handlers::LogApp, std::allocator<cib::transaction::handlers::LogApp> >::_M_get_Tp_allocator()
 .text._ZSt8_DestroyIPN3cib11transaction8handlers6LogAppES3_EvT_S5_RSaIT0_E
                0x0000a52c       0x1c Obj/GNU_ARM_DEBUG_TETRA/TxnStartEnd.o
                0x0000a52c                void std::_Destroy<cib::transaction::handlers::LogApp*, cib::transaction::handlers::LogApp>(cib::transaction::handlers::LogApp*, cib::transaction::handlers::LogApp*, std::allocator<cib::transaction::handlers::LogApp>&)
 .text._ZNSt12_Vector_baseIN3cib11transaction8handlers10ReaderInfoESaIS3_EE12_Vector_implD2Ev
                0x0000a548       0x18 Obj/GNU_ARM_DEBUG_TETRA/TxnStartEnd.o
                0x0000a548                std::_Vector_base<cib::transaction::handlers::ReaderInfo, std::allocator<cib::transaction::handlers::ReaderInfo> >::_Vector_impl::~_Vector_impl()
                0x0000a548                std::_Vector_base<cib::transaction::handlers::ReaderInfo, std::allocator<cib::transaction::handlers::ReaderInfo> >::_Vector_impl::~_Vector_impl()
 .text._ZNSt12_Vector_baseIN3cib11transaction8handlers10ReaderInfoESaIS3_EEC2Ev
                0x0000a560       0x1c Obj/GNU_ARM_DEBUG_TETRA/TxnStartEnd.o
                0x0000a560                std::_Vector_base<cib::transaction::handlers::ReaderInfo, std::allocator<cib::transaction::handlers::ReaderInfo> >::_Vector_base()
                0x0000a560                std::_Vector_base<cib::transaction::handlers::ReaderInfo, std::allocator<cib::transaction::handlers::ReaderInfo> >::_Vector_base()
 .text._ZNSt12_Vector_baseIN3cib11transaction8handlers10ReaderInfoESaIS3_EED2Ev
                0x0000a57c       0x44 Obj/GNU_ARM_DEBUG_TETRA/TxnStartEnd.o
                0x0000a57c                std::_Vector_base<cib::transaction::handlers::ReaderInfo, std::allocator<cib::transaction::handlers::ReaderInfo> >::~_Vector_base()
                0x0000a57c                std::_Vector_base<cib::transaction::handlers::ReaderInfo, std::allocator<cib::transaction::handlers::ReaderInfo> >::~_Vector_base()
 .text._ZNSt12_Vector_baseIN3cib11transaction8handlers10ReaderInfoESaIS3_EE19_M_get_Tp_allocatorEv
                0x0000a5c0       0x18 Obj/GNU_ARM_DEBUG_TETRA/TxnStartEnd.o
                0x0000a5c0                std::_Vector_base<cib::transaction::handlers::ReaderInfo, std::allocator<cib::transaction::handlers::ReaderInfo> >::_M_get_Tp_allocator()
 .text._ZSt8_DestroyIPN3cib11transaction8handlers10ReaderInfoES3_EvT_S5_RSaIT0_E
                0x0000a5d8       0x1c Obj/GNU_ARM_DEBUG_TETRA/TxnStartEnd.o
                0x0000a5d8                void std::_Destroy<cib::transaction::handlers::ReaderInfo*, cib::transaction::handlers::ReaderInfo>(cib::transaction::handlers::ReaderInfo*, cib::transaction::handlers::ReaderInfo*, std::allocator<cib::transaction::handlers::ReaderInfo>&)
 .text._ZNSt12_Vector_baseIN3cib11transaction8handlers7TagInfoESaIS3_EE12_Vector_implC2Ev
                0x0000a5f4       0x2c Obj/GNU_ARM_DEBUG_TETRA/TxnStartEnd.o
                0x0000a5f4                std::_Vector_base<cib::transaction::handlers::TagInfo, std::allocator<cib::transaction::handlers::TagInfo> >::_Vector_impl::_Vector_impl()
                0x0000a5f4                std::_Vector_base<cib::transaction::handlers::TagInfo, std::allocator<cib::transaction::handlers::TagInfo> >::_Vector_impl::_Vector_impl()
 .text._ZNSaIN3cib11transaction8handlers7TagInfoEED2Ev
                0x0000a620       0x18 Obj/GNU_ARM_DEBUG_TETRA/TxnStartEnd.o
                0x0000a620                std::allocator<cib::transaction::handlers::TagInfo>::~allocator()
                0x0000a620                std::allocator<cib::transaction::handlers::TagInfo>::~allocator()
 .text._ZNSt12_Vector_baseIN3cib11transaction8handlers7TagInfoESaIS3_EE13_M_deallocateEPS3_j
                0x0000a638       0x28 Obj/GNU_ARM_DEBUG_TETRA/TxnStartEnd.o
                0x0000a638                std::_Vector_base<cib::transaction::handlers::TagInfo, std::allocator<cib::transaction::handlers::TagInfo> >::_M_deallocate(cib::transaction::handlers::TagInfo*, unsigned int)
 .text._ZSt8_DestroyIPN3cib11transaction8handlers7TagInfoEEvT_S5_
                0x0000a660       0x1c Obj/GNU_ARM_DEBUG_TETRA/TxnStartEnd.o
                0x0000a660                void std::_Destroy<cib::transaction::handlers::TagInfo*>(cib::transaction::handlers::TagInfo*, cib::transaction::handlers::TagInfo*)
 .text._ZNSaIN6__json8DocumentEED2Ev
                0x0000a67c       0x18 Obj/GNU_ARM_DEBUG_TETRA/TxnStartEnd.o
                0x0000a67c                std::allocator<__json::Document>::~allocator()
                0x0000a67c                std::allocator<__json::Document>::~allocator()
 .text._ZNSt12_Vector_baseIN6__json8DocumentESaIS1_EE13_M_deallocateEPS1_j
                0x0000a694       0x28 Obj/GNU_ARM_DEBUG_TETRA/TxnStartEnd.o
                0x0000a694                std::_Vector_base<__json::Document, std::allocator<__json::Document> >::_M_deallocate(__json::Document*, unsigned int)
 .text._ZSt8_DestroyIPN6__json8DocumentEEvT_S3_
                0x0000a6bc       0x1c Obj/GNU_ARM_DEBUG_TETRA/TxnStartEnd.o
                0x0000a6bc                void std::_Destroy<__json::Document*>(__json::Document*, __json::Document*)
 .text._ZNSt12_Vector_baseIN3cib11transaction8handlers6LogAppESaIS3_EE12_Vector_implC2Ev
                0x0000a6d8       0x2c Obj/GNU_ARM_DEBUG_TETRA/TxnStartEnd.o
                0x0000a6d8                std::_Vector_base<cib::transaction::handlers::LogApp, std::allocator<cib::transaction::handlers::LogApp> >::_Vector_impl::_Vector_impl()
                0x0000a6d8                std::_Vector_base<cib::transaction::handlers::LogApp, std::allocator<cib::transaction::handlers::LogApp> >::_Vector_impl::_Vector_impl()
 .text._ZNSaIN3cib11transaction8handlers6LogAppEED2Ev
                0x0000a704       0x18 Obj/GNU_ARM_DEBUG_TETRA/TxnStartEnd.o
                0x0000a704                std::allocator<cib::transaction::handlers::LogApp>::~allocator()
                0x0000a704                std::allocator<cib::transaction::handlers::LogApp>::~allocator()
 .text._ZNSt12_Vector_baseIN3cib11transaction8handlers6LogAppESaIS3_EE13_M_deallocateEPS3_j
                0x0000a71c       0x28 Obj/GNU_ARM_DEBUG_TETRA/TxnStartEnd.o
                0x0000a71c                std::_Vector_base<cib::transaction::handlers::LogApp, std::allocator<cib::transaction::handlers::LogApp> >::_M_deallocate(cib::transaction::handlers::LogApp*, unsigned int)
 .text._ZSt8_DestroyIPN3cib11transaction8handlers6LogAppEEvT_S5_
                0x0000a744       0x1c Obj/GNU_ARM_DEBUG_TETRA/TxnStartEnd.o
                0x0000a744                void std::_Destroy<cib::transaction::handlers::LogApp*>(cib::transaction::handlers::LogApp*, cib::transaction::handlers::LogApp*)
 .text._ZNSt12_Vector_baseIN3cib11transaction8handlers10ReaderInfoESaIS3_EE12_Vector_implC2Ev
                0x0000a760       0x2c Obj/GNU_ARM_DEBUG_TETRA/TxnStartEnd.o
                0x0000a760                std::_Vector_base<cib::transaction::handlers::ReaderInfo, std::allocator<cib::transaction::handlers::ReaderInfo> >::_Vector_impl::_Vector_impl()
                0x0000a760                std::_Vector_base<cib::transaction::handlers::ReaderInfo, std::allocator<cib::transaction::handlers::ReaderInfo> >::_Vector_impl::_Vector_impl()
 .text._ZNSaIN3cib11transaction8handlers10ReaderInfoEED2Ev
                0x0000a78c       0x18 Obj/GNU_ARM_DEBUG_TETRA/TxnStartEnd.o
                0x0000a78c                std::allocator<cib::transaction::handlers::ReaderInfo>::~allocator()
                0x0000a78c                std::allocator<cib::transaction::handlers::ReaderInfo>::~allocator()
 .text._ZNSt12_Vector_baseIN3cib11transaction8handlers10ReaderInfoESaIS3_EE13_M_deallocateEPS3_j
                0x0000a7a4       0x28 Obj/GNU_ARM_DEBUG_TETRA/TxnStartEnd.o
                0x0000a7a4                std::_Vector_base<cib::transaction::handlers::ReaderInfo, std::allocator<cib::transaction::handlers::ReaderInfo> >::_M_deallocate(cib::transaction::handlers::ReaderInfo*, unsigned int)
 .text._ZSt8_DestroyIPN3cib11transaction8handlers10ReaderInfoEEvT_S5_
                0x0000a7cc       0x1c Obj/GNU_ARM_DEBUG_TETRA/TxnStartEnd.o
                0x0000a7cc                void std::_Destroy<cib::transaction::handlers::ReaderInfo*>(cib::transaction::handlers::ReaderInfo*, cib::transaction::handlers::ReaderInfo*)
 .text._ZNSaIN3cib11transaction8handlers7TagInfoEEC2Ev
                0x0000a7e8       0x18 Obj/GNU_ARM_DEBUG_TETRA/TxnStartEnd.o
                0x0000a7e8                std::allocator<cib::transaction::handlers::TagInfo>::allocator()
                0x0000a7e8                std::allocator<cib::transaction::handlers::TagInfo>::allocator()
 .text._ZN9__gnu_cxx13new_allocatorIN3cib11transaction8handlers7TagInfoEED2Ev
                0x0000a800       0x18 Obj/GNU_ARM_DEBUG_TETRA/TxnStartEnd.o
                0x0000a800                __gnu_cxx::new_allocator<cib::transaction::handlers::TagInfo>::~new_allocator()
                0x0000a800                __gnu_cxx::new_allocator<cib::transaction::handlers::TagInfo>::~new_allocator()
 .text._ZN9__gnu_cxx14__alloc_traitsISaIN3cib11transaction8handlers7TagInfoEEE10deallocateERS5_PS4_j
                0x0000a818       0x20 Obj/GNU_ARM_DEBUG_TETRA/TxnStartEnd.o
                0x0000a818                __gnu_cxx::__alloc_traits<std::allocator<cib::transaction::handlers::TagInfo> >::deallocate(std::allocator<cib::transaction::handlers::TagInfo>&, cib::transaction::handlers::TagInfo*, unsigned int)
 .text._ZNSt12_Destroy_auxILb0EE9__destroyIPN3cib11transaction8handlers7TagInfoEEEvT_S7_
                0x0000a838       0x30 Obj/GNU_ARM_DEBUG_TETRA/TxnStartEnd.o
                0x0000a838                void std::_Destroy_aux<false>::__destroy<cib::transaction::handlers::TagInfo*>(cib::transaction::handlers::TagInfo*, cib::transaction::handlers::TagInfo*)
 .text._ZN9__gnu_cxx13new_allocatorIN6__json8DocumentEED2Ev
                0x0000a868       0x18 Obj/GNU_ARM_DEBUG_TETRA/TxnStartEnd.o
                0x0000a868                __gnu_cxx::new_allocator<__json::Document>::~new_allocator()
                0x0000a868                __gnu_cxx::new_allocator<__json::Document>::~new_allocator()
 .text._ZN9__gnu_cxx14__alloc_traitsISaIN6__json8DocumentEEE10deallocateERS3_PS2_j
                0x0000a880       0x20 Obj/GNU_ARM_DEBUG_TETRA/TxnStartEnd.o
                0x0000a880                __gnu_cxx::__alloc_traits<std::allocator<__json::Document> >::deallocate(std::allocator<__json::Document>&, __json::Document*, unsigned int)
 .text._ZNSt12_Destroy_auxILb0EE9__destroyIPN6__json8DocumentEEEvT_S5_
                0x0000a8a0       0x30 Obj/GNU_ARM_DEBUG_TETRA/TxnStartEnd.o
                0x0000a8a0                void std::_Destroy_aux<false>::__destroy<__json::Document*>(__json::Document*, __json::Document*)
 .text._ZNSaIN3cib11transaction8handlers6LogAppEEC2Ev
                0x0000a8d0       0x18 Obj/GNU_ARM_DEBUG_TETRA/TxnStartEnd.o
                0x0000a8d0                std::allocator<cib::transaction::handlers::LogApp>::allocator()
                0x0000a8d0                std::allocator<cib::transaction::handlers::LogApp>::allocator()
 .text._ZN9__gnu_cxx13new_allocatorIN3cib11transaction8handlers6LogAppEED2Ev
                0x0000a8e8       0x18 Obj/GNU_ARM_DEBUG_TETRA/TxnStartEnd.o
                0x0000a8e8                __gnu_cxx::new_allocator<cib::transaction::handlers::LogApp>::~new_allocator()
                0x0000a8e8                __gnu_cxx::new_allocator<cib::transaction::handlers::LogApp>::~new_allocator()
 .text._ZN9__gnu_cxx14__alloc_traitsISaIN3cib11transaction8handlers6LogAppEEE10deallocateERS5_PS4_j
                0x0000a900       0x20 Obj/GNU_ARM_DEBUG_TETRA/TxnStartEnd.o
                0x0000a900                __gnu_cxx::__alloc_traits<std::allocator<cib::transaction::handlers::LogApp> >::deallocate(std::allocator<cib::transaction::handlers::LogApp>&, cib::transaction::handlers::LogApp*, unsigned int)
 .text._ZNSt12_Destroy_auxILb0EE9__destroyIPN3cib11transaction8handlers6LogAppEEEvT_S7_
                0x0000a920       0x30 Obj/GNU_ARM_DEBUG_TETRA/TxnStartEnd.o
                0x0000a920                void std::_Destroy_aux<false>::__destroy<cib::transaction::handlers::LogApp*>(cib::transaction::handlers::LogApp*, cib::transaction::handlers::LogApp*)
 .text._ZNSaIN3cib11transaction8handlers10ReaderInfoEEC2Ev
                0x0000a950       0x18 Obj/GNU_ARM_DEBUG_TETRA/TxnStartEnd.o
                0x0000a950                std::allocator<cib::transaction::handlers::ReaderInfo>::allocator()
                0x0000a950                std::allocator<cib::transaction::handlers::ReaderInfo>::allocator()
 .text._ZN9__gnu_cxx13new_allocatorIN3cib11transaction8handlers10ReaderInfoEED2Ev
                0x0000a968       0x18 Obj/GNU_ARM_DEBUG_TETRA/TxnStartEnd.o
                0x0000a968                __gnu_cxx::new_allocator<cib::transaction::handlers::ReaderInfo>::~new_allocator()
                0x0000a968                __gnu_cxx::new_allocator<cib::transaction::handlers::ReaderInfo>::~new_allocator()
 .text._ZN9__gnu_cxx14__alloc_traitsISaIN3cib11transaction8handlers10ReaderInfoEEE10deallocateERS5_PS4_j
                0x0000a980       0x20 Obj/GNU_ARM_DEBUG_TETRA/TxnStartEnd.o
                0x0000a980                __gnu_cxx::__alloc_traits<std::allocator<cib::transaction::handlers::ReaderInfo> >::deallocate(std::allocator<cib::transaction::handlers::ReaderInfo>&, cib::transaction::handlers::ReaderInfo*, unsigned int)
 .text._ZNSt12_Destroy_auxILb0EE9__destroyIPN3cib11transaction8handlers10ReaderInfoEEEvT_S7_
                0x0000a9a0       0x30 Obj/GNU_ARM_DEBUG_TETRA/TxnStartEnd.o
                0x0000a9a0                void std::_Destroy_aux<false>::__destroy<cib::transaction::handlers::ReaderInfo*>(cib::transaction::handlers::ReaderInfo*, cib::transaction::handlers::ReaderInfo*)
 .text._ZN9__gnu_cxx13new_allocatorIN3cib11transaction8handlers7TagInfoEEC2Ev
                0x0000a9d0       0x18 Obj/GNU_ARM_DEBUG_TETRA/TxnStartEnd.o
                0x0000a9d0                __gnu_cxx::new_allocator<cib::transaction::handlers::TagInfo>::new_allocator()
                0x0000a9d0                __gnu_cxx::new_allocator<cib::transaction::handlers::TagInfo>::new_allocator()
 .text._ZN9__gnu_cxx13new_allocatorIN3cib11transaction8handlers7TagInfoEE10deallocateEPS4_j
                0x0000a9e8       0x1c Obj/GNU_ARM_DEBUG_TETRA/TxnStartEnd.o
                0x0000a9e8                __gnu_cxx::new_allocator<cib::transaction::handlers::TagInfo>::deallocate(cib::transaction::handlers::TagInfo*, unsigned int)
 .text._ZSt11__addressofIN3cib11transaction8handlers7TagInfoEEPT_RS4_
                0x0000aa04       0x18 Obj/GNU_ARM_DEBUG_TETRA/TxnStartEnd.o
                0x0000aa04                cib::transaction::handlers::TagInfo* std::__addressof<cib::transaction::handlers::TagInfo>(cib::transaction::handlers::TagInfo&)
 .text._ZN3cib11transaction8handlers7TagInfoD2Ev
                0x0000aa1c       0x1c Obj/GNU_ARM_DEBUG_TETRA/TxnStartEnd.o
                0x0000aa1c                cib::transaction::handlers::TagInfo::~TagInfo()
                0x0000aa1c                cib::transaction::handlers::TagInfo::~TagInfo()
 .text._ZSt8_DestroyIN3cib11transaction8handlers7TagInfoEEvPT_
                0x0000aa38       0x18 Obj/GNU_ARM_DEBUG_TETRA/TxnStartEnd.o
                0x0000aa38                void std::_Destroy<cib::transaction::handlers::TagInfo>(cib::transaction::handlers::TagInfo*)
 .text._ZN9__gnu_cxx13new_allocatorIN6__json8DocumentEE10deallocateEPS2_j
                0x0000aa50       0x1c Obj/GNU_ARM_DEBUG_TETRA/TxnStartEnd.o
                0x0000aa50                __gnu_cxx::new_allocator<__json::Document>::deallocate(__json::Document*, unsigned int)
 .text._ZSt11__addressofIN6__json8DocumentEEPT_RS2_
                0x0000aa6c       0x18 Obj/GNU_ARM_DEBUG_TETRA/TxnStartEnd.o
                0x0000aa6c                __json::Document* std::__addressof<__json::Document>(__json::Document&)
 .text._ZSt8_DestroyIN6__json8DocumentEEvPT_
                0x0000aa84       0x18 Obj/GNU_ARM_DEBUG_TETRA/TxnStartEnd.o
                0x0000aa84                void std::_Destroy<__json::Document>(__json::Document*)
 .text._ZN9__gnu_cxx13new_allocatorIN3cib11transaction8handlers6LogAppEEC2Ev
                0x0000aa9c       0x18 Obj/GNU_ARM_DEBUG_TETRA/TxnStartEnd.o
                0x0000aa9c                __gnu_cxx::new_allocator<cib::transaction::handlers::LogApp>::new_allocator()
                0x0000aa9c                __gnu_cxx::new_allocator<cib::transaction::handlers::LogApp>::new_allocator()
 .text._ZN9__gnu_cxx13new_allocatorIN3cib11transaction8handlers6LogAppEE10deallocateEPS4_j
                0x0000aab4       0x1c Obj/GNU_ARM_DEBUG_TETRA/TxnStartEnd.o
                0x0000aab4                __gnu_cxx::new_allocator<cib::transaction::handlers::LogApp>::deallocate(cib::transaction::handlers::LogApp*, unsigned int)
 .text._ZSt11__addressofIN3cib11transaction8handlers6LogAppEEPT_RS4_
                0x0000aad0       0x18 Obj/GNU_ARM_DEBUG_TETRA/TxnStartEnd.o
                0x0000aad0                cib::transaction::handlers::LogApp* std::__addressof<cib::transaction::handlers::LogApp>(cib::transaction::handlers::LogApp&)
 .text._ZN3cib11transaction8handlers6LogAppD2Ev
                0x0000aae8       0x48 Obj/GNU_ARM_DEBUG_TETRA/TxnStartEnd.o
                0x0000aae8                cib::transaction::handlers::LogApp::~LogApp()
                0x0000aae8                cib::transaction::handlers::LogApp::~LogApp()
 .text._ZSt8_DestroyIN3cib11transaction8handlers6LogAppEEvPT_
                0x0000ab30       0x18 Obj/GNU_ARM_DEBUG_TETRA/TxnStartEnd.o
                0x0000ab30                void std::_Destroy<cib::transaction::handlers::LogApp>(cib::transaction::handlers::LogApp*)
 .text._ZN9__gnu_cxx13new_allocatorIN3cib11transaction8handlers10ReaderInfoEEC2Ev
                0x0000ab48       0x18 Obj/GNU_ARM_DEBUG_TETRA/TxnStartEnd.o
                0x0000ab48                __gnu_cxx::new_allocator<cib::transaction::handlers::ReaderInfo>::new_allocator()
                0x0000ab48                __gnu_cxx::new_allocator<cib::transaction::handlers::ReaderInfo>::new_allocator()
 .text._ZN9__gnu_cxx13new_allocatorIN3cib11transaction8handlers10ReaderInfoEE10deallocateEPS4_j
                0x0000ab60       0x1c Obj/GNU_ARM_DEBUG_TETRA/TxnStartEnd.o
                0x0000ab60                __gnu_cxx::new_allocator<cib::transaction::handlers::ReaderInfo>::deallocate(cib::transaction::handlers::ReaderInfo*, unsigned int)
 .text._ZSt11__addressofIN3cib11transaction8handlers10ReaderInfoEEPT_RS4_
                0x0000ab7c       0x18 Obj/GNU_ARM_DEBUG_TETRA/TxnStartEnd.o
                0x0000ab7c                cib::transaction::handlers::ReaderInfo* std::__addressof<cib::transaction::handlers::ReaderInfo>(cib::transaction::handlers::ReaderInfo&)
 .text._ZN3cib11transaction8handlers10ReaderInfoD2Ev
                0x0000ab94       0x1c Obj/GNU_ARM_DEBUG_TETRA/TxnStartEnd.o
                0x0000ab94                cib::transaction::handlers::ReaderInfo::~ReaderInfo()
                0x0000ab94                cib::transaction::handlers::ReaderInfo::~ReaderInfo()
 .text._ZSt8_DestroyIN3cib11transaction8handlers10ReaderInfoEEvPT_
                0x0000abb0       0x18 Obj/GNU_ARM_DEBUG_TETRA/TxnStartEnd.o
                0x0000abb0                void std::_Destroy<cib::transaction::handlers::ReaderInfo>(cib::transaction::handlers::ReaderInfo*)
 .text._ZNSt6vectorIN3cib11transaction8handlers11ModifiedTagESaIS3_EED2Ev
                0x0000abc8       0x44 Obj/GNU_ARM_DEBUG_TETRA/TxnStartEnd.o
                0x0000abc8                std::vector<cib::transaction::handlers::ModifiedTag, std::allocator<cib::transaction::handlers::ModifiedTag> >::~vector()
                0x0000abc8                std::vector<cib::transaction::handlers::ModifiedTag, std::allocator<cib::transaction::handlers::ModifiedTag> >::~vector()
 .text._ZNSt6vectorIjSaIjEED2Ev
                0x0000ac0c       0x44 Obj/GNU_ARM_DEBUG_TETRA/TxnStartEnd.o
                0x0000ac0c                std::vector<unsigned int, std::allocator<unsigned int> >::~vector()
                0x0000ac0c                std::vector<unsigned int, std::allocator<unsigned int> >::~vector()
 .text._ZNSt12_Vector_baseIN3cib11transaction8handlers11ModifiedTagESaIS3_EE12_Vector_implD2Ev
                0x0000ac50       0x18 Obj/GNU_ARM_DEBUG_TETRA/TxnStartEnd.o
                0x0000ac50                std::_Vector_base<cib::transaction::handlers::ModifiedTag, std::allocator<cib::transaction::handlers::ModifiedTag> >::_Vector_impl::~_Vector_impl()
                0x0000ac50                std::_Vector_base<cib::transaction::handlers::ModifiedTag, std::allocator<cib::transaction::handlers::ModifiedTag> >::_Vector_impl::~_Vector_impl()
 .text._ZNSt12_Vector_baseIN3cib11transaction8handlers11ModifiedTagESaIS3_EED2Ev
                0x0000ac68       0x44 Obj/GNU_ARM_DEBUG_TETRA/TxnStartEnd.o
                0x0000ac68                std::_Vector_base<cib::transaction::handlers::ModifiedTag, std::allocator<cib::transaction::handlers::ModifiedTag> >::~_Vector_base()
                0x0000ac68                std::_Vector_base<cib::transaction::handlers::ModifiedTag, std::allocator<cib::transaction::handlers::ModifiedTag> >::~_Vector_base()
 .text._ZNSt12_Vector_baseIN3cib11transaction8handlers11ModifiedTagESaIS3_EE19_M_get_Tp_allocatorEv
                0x0000acac       0x18 Obj/GNU_ARM_DEBUG_TETRA/TxnStartEnd.o
                0x0000acac                std::_Vector_base<cib::transaction::handlers::ModifiedTag, std::allocator<cib::transaction::handlers::ModifiedTag> >::_M_get_Tp_allocator()
 .text._ZSt8_DestroyIPN3cib11transaction8handlers11ModifiedTagES3_EvT_S5_RSaIT0_E
                0x0000acc4       0x1c Obj/GNU_ARM_DEBUG_TETRA/TxnStartEnd.o
                0x0000acc4                void std::_Destroy<cib::transaction::handlers::ModifiedTag*, cib::transaction::handlers::ModifiedTag>(cib::transaction::handlers::ModifiedTag*, cib::transaction::handlers::ModifiedTag*, std::allocator<cib::transaction::handlers::ModifiedTag>&)
 .text._ZNSt12_Vector_baseIjSaIjEE12_Vector_implD2Ev
                0x0000ace0       0x18 Obj/GNU_ARM_DEBUG_TETRA/TxnStartEnd.o
                0x0000ace0                std::_Vector_base<unsigned int, std::allocator<unsigned int> >::_Vector_impl::~_Vector_impl()
                0x0000ace0                std::_Vector_base<unsigned int, std::allocator<unsigned int> >::_Vector_impl::~_Vector_impl()
 .text._ZNSt12_Vector_baseIjSaIjEED2Ev
                0x0000acf8       0x44 Obj/GNU_ARM_DEBUG_TETRA/TxnStartEnd.o
                0x0000acf8                std::_Vector_base<unsigned int, std::allocator<unsigned int> >::~_Vector_base()
                0x0000acf8                std::_Vector_base<unsigned int, std::allocator<unsigned int> >::~_Vector_base()
 .text._ZNSt12_Vector_baseIjSaIjEE19_M_get_Tp_allocatorEv
                0x0000ad3c       0x18 Obj/GNU_ARM_DEBUG_TETRA/TxnStartEnd.o
                0x0000ad3c                std::_Vector_base<unsigned int, std::allocator<unsigned int> >::_M_get_Tp_allocator()
 .text._ZSt8_DestroyIPjjEvT_S1_RSaIT0_E
                0x0000ad54       0x1c Obj/GNU_ARM_DEBUG_TETRA/TxnStartEnd.o
                0x0000ad54                void std::_Destroy<unsigned int*, unsigned int>(unsigned int*, unsigned int*, std::allocator<unsigned int>&)
 .text._ZNSaIN3cib11transaction8handlers11ModifiedTagEED2Ev
                0x0000ad70       0x18 Obj/GNU_ARM_DEBUG_TETRA/TxnStartEnd.o
                0x0000ad70                std::allocator<cib::transaction::handlers::ModifiedTag>::~allocator()
                0x0000ad70                std::allocator<cib::transaction::handlers::ModifiedTag>::~allocator()
 .text._ZNSt12_Vector_baseIN3cib11transaction8handlers11ModifiedTagESaIS3_EE13_M_deallocateEPS3_j
                0x0000ad88       0x28 Obj/GNU_ARM_DEBUG_TETRA/TxnStartEnd.o
                0x0000ad88                std::_Vector_base<cib::transaction::handlers::ModifiedTag, std::allocator<cib::transaction::handlers::ModifiedTag> >::_M_deallocate(cib::transaction::handlers::ModifiedTag*, unsigned int)
 .text._ZSt8_DestroyIPN3cib11transaction8handlers11ModifiedTagEEvT_S5_
                0x0000adb0       0x1c Obj/GNU_ARM_DEBUG_TETRA/TxnStartEnd.o
                0x0000adb0                void std::_Destroy<cib::transaction::handlers::ModifiedTag*>(cib::transaction::handlers::ModifiedTag*, cib::transaction::handlers::ModifiedTag*)
 .text._ZNSaIjED2Ev
                0x0000adcc       0x18 Obj/GNU_ARM_DEBUG_TETRA/TxnStartEnd.o
                0x0000adcc                std::allocator<unsigned int>::~allocator()
                0x0000adcc                std::allocator<unsigned int>::~allocator()
 .text._ZNSt12_Vector_baseIjSaIjEE13_M_deallocateEPjj
                0x0000ade4       0x28 Obj/GNU_ARM_DEBUG_TETRA/TxnStartEnd.o
                0x0000ade4                std::_Vector_base<unsigned int, std::allocator<unsigned int> >::_M_deallocate(unsigned int*, unsigned int)
 .text._ZSt8_DestroyIPjEvT_S1_
                0x0000ae0c       0x1c Obj/GNU_ARM_DEBUG_TETRA/TxnStartEnd.o
                0x0000ae0c                void std::_Destroy<unsigned int*>(unsigned int*, unsigned int*)
 .text._ZN9__gnu_cxx13new_allocatorIN3cib11transaction8handlers11ModifiedTagEED2Ev
                0x0000ae28       0x18 Obj/GNU_ARM_DEBUG_TETRA/TxnStartEnd.o
                0x0000ae28                __gnu_cxx::new_allocator<cib::transaction::handlers::ModifiedTag>::~new_allocator()
                0x0000ae28                __gnu_cxx::new_allocator<cib::transaction::handlers::ModifiedTag>::~new_allocator()
 .text._ZN9__gnu_cxx14__alloc_traitsISaIN3cib11transaction8handlers11ModifiedTagEEE10deallocateERS5_PS4_j
                0x0000ae40       0x20 Obj/GNU_ARM_DEBUG_TETRA/TxnStartEnd.o
                0x0000ae40                __gnu_cxx::__alloc_traits<std::allocator<cib::transaction::handlers::ModifiedTag> >::deallocate(std::allocator<cib::transaction::handlers::ModifiedTag>&, cib::transaction::handlers::ModifiedTag*, unsigned int)
 .text._ZNSt12_Destroy_auxILb0EE9__destroyIPN3cib11transaction8handlers11ModifiedTagEEEvT_S7_
                0x0000ae60       0x30 Obj/GNU_ARM_DEBUG_TETRA/TxnStartEnd.o
                0x0000ae60                void std::_Destroy_aux<false>::__destroy<cib::transaction::handlers::ModifiedTag*>(cib::transaction::handlers::ModifiedTag*, cib::transaction::handlers::ModifiedTag*)
 .text._ZN9__gnu_cxx13new_allocatorIjED2Ev
                0x0000ae90       0x18 Obj/GNU_ARM_DEBUG_TETRA/TxnStartEnd.o
                0x0000ae90                __gnu_cxx::new_allocator<unsigned int>::~new_allocator()
                0x0000ae90                __gnu_cxx::new_allocator<unsigned int>::~new_allocator()
 .text._ZN9__gnu_cxx14__alloc_traitsISaIjEE10deallocateERS1_Pjj
                0x0000aea8       0x20 Obj/GNU_ARM_DEBUG_TETRA/TxnStartEnd.o
                0x0000aea8                __gnu_cxx::__alloc_traits<std::allocator<unsigned int> >::deallocate(std::allocator<unsigned int>&, unsigned int*, unsigned int)
 .text._ZNSt12_Destroy_auxILb1EE9__destroyIPjEEvT_S3_
                0x0000aec8       0x18 Obj/GNU_ARM_DEBUG_TETRA/TxnStartEnd.o
                0x0000aec8                void std::_Destroy_aux<true>::__destroy<unsigned int*>(unsigned int*, unsigned int*)
 .text._ZN9__gnu_cxx13new_allocatorIN3cib11transaction8handlers11ModifiedTagEE10deallocateEPS4_j
                0x0000aee0       0x1c Obj/GNU_ARM_DEBUG_TETRA/TxnStartEnd.o
                0x0000aee0                __gnu_cxx::new_allocator<cib::transaction::handlers::ModifiedTag>::deallocate(cib::transaction::handlers::ModifiedTag*, unsigned int)
 .text._ZSt11__addressofIN3cib11transaction8handlers11ModifiedTagEEPT_RS4_
                0x0000aefc       0x18 Obj/GNU_ARM_DEBUG_TETRA/TxnStartEnd.o
                0x0000aefc                cib::transaction::handlers::ModifiedTag* std::__addressof<cib::transaction::handlers::ModifiedTag>(cib::transaction::handlers::ModifiedTag&)
 .text._ZN3cib11transaction8handlers11ModifiedTagD2Ev
                0x0000af14       0x1c Obj/GNU_ARM_DEBUG_TETRA/TxnStartEnd.o
                0x0000af14                cib::transaction::handlers::ModifiedTag::~ModifiedTag()
                0x0000af14                cib::transaction::handlers::ModifiedTag::~ModifiedTag()
 .text._ZSt8_DestroyIN3cib11transaction8handlers11ModifiedTagEEvPT_
                0x0000af30       0x18 Obj/GNU_ARM_DEBUG_TETRA/TxnStartEnd.o
                0x0000af30                void std::_Destroy<cib::transaction::handlers::ModifiedTag>(cib::transaction::handlers::ModifiedTag*)
 .text._ZN9__gnu_cxx13new_allocatorIjE10deallocateEPjj
                0x0000af48       0x1c Obj/GNU_ARM_DEBUG_TETRA/TxnStartEnd.o
                0x0000af48                __gnu_cxx::new_allocator<unsigned int>::deallocate(unsigned int*, unsigned int)
 .text          0x0000af64     0x2744 Obj/GNU_ARM_DEBUG_TETRA/Utils.o
                0x0000af64                Utils::Utils()
                0x0000af64                Utils::Utils()
                0x0000b0f0                Utils::connect()
                0x0000b2cc                Utils::resetTerminal(std::string const&)
                0x0000b6f4                Utils::getCertificate()
                0x0000b710                Utils::disconnect()
                0x0000b750                Utils::loadData()
                0x0000b9a8                Utils::getNewToken(bool)
                0x0000bd4c                Utils::formatDateTime(std::string const&)
                0x0000be64                Utils::removeSpecialCharacters(std::string const&)
                0x0000bef8                Utils::launchDispatch()
                0x0000c130                Utils::getTransactionState()
                0x0000c4d8                Utils::checkQrCodeHook()
                0x0000c710                Utils::getQrCodeTransaction(long long)
                0x0000cbf8                Utils::createRequest(std::string, cib::communication::eMethod, std::string const&, bool)
                0x0000d074                Utils::isApplicationReady()
                0x0000d08c                Utils::displayDualScreen(std::string const&, std::string const&, T_GL_DIALOG_ICON, T_GL_BUTTONS, unsigned long)
                0x0000d120                Utils::getIconsPath(std::string)
                0x0000d1e8                Utils::copyLogoToPinPad()
 .text._ZNSt11char_traitsIcE6lengthEPKc
                0x0000d6a8       0x18 Obj/GNU_ARM_DEBUG_TETRA/Utils.o
                0x0000d6a8                std::char_traits<char>::length(char const*)
 .text._ZnwjPv  0x0000d6c0       0x18 Obj/GNU_ARM_DEBUG_TETRA/Utils.o
                0x0000d6c0                operator new(unsigned int, void*)
 .text._ZdlPvS_
                0x0000d6d8       0x18 Obj/GNU_ARM_DEBUG_TETRA/Utils.o
                0x0000d6d8                operator delete(void*, void*)
 .text._ZNSt18_Rb_tree_node_base10_S_minimumEPS_
                0x0000d6f0       0x28 Obj/GNU_ARM_DEBUG_TETRA/Utils.o
                0x0000d6f0                std::_Rb_tree_node_base::_S_minimum(std::_Rb_tree_node_base*)
 .text._ZNSt18_Rb_tree_node_base10_S_maximumEPS_
                0x0000d718       0x28 Obj/GNU_ARM_DEBUG_TETRA/Utils.o
                0x0000d718                std::_Rb_tree_node_base::_S_maximum(std::_Rb_tree_node_base*)
 .text._ZN14__parsingTools5proxyaSEb
                0x0000d740       0xac Obj/GNU_ARM_DEBUG_TETRA/Utils.o
                0x0000d740                __parsingTools::proxy::operator=(bool)
 .text._ZN14__parsingTools5proxyaSEPKc
                0x0000d7ec       0x8c Obj/GNU_ARM_DEBUG_TETRA/Utils.o
                0x0000d7ec                __parsingTools::proxy::operator=(char const*)
 .text._ZN14__parsingTools5proxyaSERKSs
                0x0000d878       0x1c Obj/GNU_ARM_DEBUG_TETRA/Utils.o
                0x0000d878                __parsingTools::proxy::operator=(std::string const&)
 .text._ZN3cib13communication4gprs10GprsConfigD2Ev
                0x0000d894       0x48 Obj/GNU_ARM_DEBUG_TETRA/Utils.o
                0x0000d894                cib::communication::gprs::GprsConfig::~GprsConfig()
                0x0000d894                cib::communication::gprs::GprsConfig::~GprsConfig()
 .text._ZN5UtilsD2Ev
                0x0000d8dc       0xd4 Obj/GNU_ARM_DEBUG_TETRA/Utils.o
                0x0000d8dc                Utils::~Utils()
                0x0000d8dc                Utils::~Utils()
 .text._ZN5UtilsD0Ev
                0x0000d9b0       0x20 Obj/GNU_ARM_DEBUG_TETRA/Utils.o
                0x0000d9b0                Utils::~Utils()
 .text._ZN3cib13communication4gprs10GprsConfigC2Ev
                0x0000d9d0       0x48 Obj/GNU_ARM_DEBUG_TETRA/Utils.o
                0x0000d9d0                cib::communication::gprs::GprsConfig::GprsConfig()
                0x0000d9d0                cib::communication::gprs::GprsConfig::GprsConfig()
 .text._ZN3cib13communication4gprs10GprsConfigC2ERKS2_
                0x0000da18       0x5c Obj/GNU_ARM_DEBUG_TETRA/Utils.o
                0x0000da18                cib::communication::gprs::GprsConfig::GprsConfig(cib::communication::gprs::GprsConfig const&)
                0x0000da18                cib::communication::gprs::GprsConfig::GprsConfig(cib::communication::gprs::GprsConfig const&)
 .text._ZNSt3mapISsSsSt4lessISsESaISt4pairIKSsSsEEED2Ev
                0x0000da74       0x1c Obj/GNU_ARM_DEBUG_TETRA/Utils.o
                0x0000da74                std::map<std::string, std::string, std::less<std::string>, std::allocator<std::pair<std::string const, std::string> > >::~map()
                0x0000da74                std::map<std::string, std::string, std::less<std::string>, std::allocator<std::pair<std::string const, std::string> > >::~map()
 .text._ZN3cib13communication4http8ResponseD2Ev
                0x0000da90       0x38 Obj/GNU_ARM_DEBUG_TETRA/Utils.o
                0x0000da90                cib::communication::http::Response::~Response()
                0x0000da90                cib::communication::http::Response::~Response()
 .text._ZN3cib13communication4http8ResponseaSERKS2_
                0x0000dac8       0x48 Obj/GNU_ARM_DEBUG_TETRA/Utils.o
                0x0000dac8                cib::communication::http::Response::operator=(cib::communication::http::Response const&)
 .text._ZN3cib13communication4http7RequestD2Ev
                0x0000db10       0x60 Obj/GNU_ARM_DEBUG_TETRA/Utils.o
                0x0000db10                cib::communication::http::Request::~Request()
                0x0000db10                cib::communication::http::Request::~Request()
 .text._ZN3cib13communication4http7RequestC2ERKS2_
                0x0000db70       0x84 Obj/GNU_ARM_DEBUG_TETRA/Utils.o
                0x0000db70                cib::communication::http::Request::Request(cib::communication::http::Request const&)
                0x0000db70                cib::communication::http::Request::Request(cib::communication::http::Request const&)
 .text._ZStplIcSt11char_traitsIcESaIcEESbIT_T0_T1_ERKS6_S8_
                0x0000dbf4       0x54 Obj/GNU_ARM_DEBUG_TETRA/Utils.o
                0x0000dbf4                std::basic_string<char, std::char_traits<char>, std::allocator<char> > std::operator+<char, std::char_traits<char>, std::allocator<char> >(std::basic_string<char, std::char_traits<char>, std::allocator<char> > const&, std::basic_string<char, std::char_traits<char>, std::allocator<char> > const&)
 .text._ZNKSt6vectorIcSaIcEE5beginEv
                0x0000dc48       0x4c Obj/GNU_ARM_DEBUG_TETRA/Utils.o
                0x0000dc48                std::vector<char, std::allocator<char> >::begin() const
 .text._ZNKSt6vectorIcSaIcEE3endEv
                0x0000dc94       0x4c Obj/GNU_ARM_DEBUG_TETRA/Utils.o
                0x0000dc94                std::vector<char, std::allocator<char> >::end() const
 .text._ZNSt6vectorIcSaIcEED2Ev
                0x0000dce0       0x44 Obj/GNU_ARM_DEBUG_TETRA/Utils.o
                0x0000dce0                std::vector<char, std::allocator<char> >::~vector()
                0x0000dce0                std::vector<char, std::allocator<char> >::~vector()
 .text._ZN8ingenico5tools9SingletonI5UtilsED2Ev
                0x0000dd24       0x30 Obj/GNU_ARM_DEBUG_TETRA/Utils.o
                0x0000dd24                ingenico::tools::Singleton<Utils>::~Singleton()
                0x0000dd24                ingenico::tools::Singleton<Utils>::~Singleton()
 .text._ZN8ingenico5tools9SingletonI5UtilsED0Ev
                0x0000dd54       0x20 Obj/GNU_ARM_DEBUG_TETRA/Utils.o
                0x0000dd54                ingenico::tools::Singleton<Utils>::~Singleton()
 .text._ZN8ingenico5tools9SingletonI5UtilsEC2Ev
                0x0000dd74       0x28 Obj/GNU_ARM_DEBUG_TETRA/Utils.o
                0x0000dd74                ingenico::tools::Singleton<Utils>::Singleton()
                0x0000dd74                ingenico::tools::Singleton<Utils>::Singleton()
 .text._ZNSt8_Rb_treeISsSt4pairIKSsSsESt10_Select1stIS2_ESt4lessISsESaIS2_EE13_Rb_tree_implIS6_Lb0EED2Ev
                0x0000dd9c       0x18 Obj/GNU_ARM_DEBUG_TETRA/Utils.o
                0x0000dd9c                std::_Rb_tree<std::string, std::pair<std::string const, std::string>, std::_Select1st<std::pair<std::string const, std::string> >, std::less<std::string>, std::allocator<std::pair<std::string const, std::string> > >::_Rb_tree_impl<std::less<std::string>, false>::~_Rb_tree_impl()
                0x0000dd9c                std::_Rb_tree<std::string, std::pair<std::string const, std::string>, std::_Select1st<std::pair<std::string const, std::string> >, std::less<std::string>, std::allocator<std::pair<std::string const, std::string> > >::_Rb_tree_impl<std::less<std::string>, false>::~_Rb_tree_impl()
 .text._ZNSt8_Rb_treeISsSt4pairIKSsSsESt10_Select1stIS2_ESt4lessISsESaIS2_EED2Ev
                0x0000ddb4       0x38 Obj/GNU_ARM_DEBUG_TETRA/Utils.o
                0x0000ddb4                std::_Rb_tree<std::string, std::pair<std::string const, std::string>, std::_Select1st<std::pair<std::string const, std::string> >, std::less<std::string>, std::allocator<std::pair<std::string const, std::string> > >::~_Rb_tree()
                0x0000ddb4                std::_Rb_tree<std::string, std::pair<std::string const, std::string>, std::_Select1st<std::pair<std::string const, std::string> >, std::less<std::string>, std::allocator<std::pair<std::string const, std::string> > >::~_Rb_tree()
 .text._ZNSt6vectorIcSaIcEEaSERKS1_
                0x0000ddec      0x154 Obj/GNU_ARM_DEBUG_TETRA/Utils.o
                0x0000ddec                std::vector<char, std::allocator<char> >::operator=(std::vector<char, std::allocator<char> > const&)
 .text._ZNSt3mapISsSsSt4lessISsESaISt4pairIKSsSsEEEaSERKS6_
                0x0000df40       0x20 Obj/GNU_ARM_DEBUG_TETRA/Utils.o
                0x0000df40                std::map<std::string, std::string, std::less<std::string>, std::allocator<std::pair<std::string const, std::string> > >::operator=(std::map<std::string, std::string, std::less<std::string>, std::allocator<std::pair<std::string const, std::string> > > const&)
 .text._ZNSt6vectorIcSaIcEE4dataEv
                0x0000df60       0x20 Obj/GNU_ARM_DEBUG_TETRA/Utils.o
                0x0000df60                std::vector<char, std::allocator<char> >::data()
 .text._ZStplIcSt11char_traitsIcESaIcEESbIT_T0_T1_EPKS3_RKS6_
                0x0000df80       0x78 Obj/GNU_ARM_DEBUG_TETRA/Utils.o
                0x0000df80                std::basic_string<char, std::char_traits<char>, std::allocator<char> > std::operator+<char, std::char_traits<char>, std::allocator<char> >(char const*, std::basic_string<char, std::char_traits<char>, std::allocator<char> > const&)
 .text._ZNSt3mapISsSsSt4lessISsESaISt4pairIKSsSsEEEC2ERKS6_
                0x0000dff8       0x20 Obj/GNU_ARM_DEBUG_TETRA/Utils.o
                0x0000dff8                std::map<std::string, std::string, std::less<std::string>, std::allocator<std::pair<std::string const, std::string> > >::map(std::map<std::string, std::string, std::less<std::string>, std::allocator<std::pair<std::string const, std::string> > > const&)
                0x0000dff8                std::map<std::string, std::string, std::less<std::string>, std::allocator<std::pair<std::string const, std::string> > >::map(std::map<std::string, std::string, std::less<std::string>, std::allocator<std::pair<std::string const, std::string> > > const&)
 .text._ZN8ingenico5tools9SingletonI5UtilsE3ptrEv
                0x0000e018       0x10 Obj/GNU_ARM_DEBUG_TETRA/Utils.o
                0x0000e018                ingenico::tools::Singleton<Utils>::ptr()
 .text._ZN9__gnu_cxx17__normal_iteratorIPKcSt6vectorIcSaIcEEEC2ERKS2_
                0x0000e028       0x20 Obj/GNU_ARM_DEBUG_TETRA/Utils.o
                0x0000e028                __gnu_cxx::__normal_iterator<char const*, std::vector<char, std::allocator<char> > >::__normal_iterator(char const* const&)
                0x0000e028                __gnu_cxx::__normal_iterator<char const*, std::vector<char, std::allocator<char> > >::__normal_iterator(char const* const&)
 .text._ZNSt12_Vector_baseIcSaIcEE12_Vector_implD2Ev
                0x0000e048       0x18 Obj/GNU_ARM_DEBUG_TETRA/Utils.o
                0x0000e048                std::_Vector_base<char, std::allocator<char> >::_Vector_impl::~_Vector_impl()
                0x0000e048                std::_Vector_base<char, std::allocator<char> >::_Vector_impl::~_Vector_impl()
 .text._ZNSt12_Vector_baseIcSaIcEED2Ev
                0x0000e060       0x40 Obj/GNU_ARM_DEBUG_TETRA/Utils.o
                0x0000e060                std::_Vector_base<char, std::allocator<char> >::~_Vector_base()
                0x0000e060                std::_Vector_base<char, std::allocator<char> >::~_Vector_base()
 .text._ZNSt12_Vector_baseIcSaIcEE19_M_get_Tp_allocatorEv
                0x0000e0a0       0x18 Obj/GNU_ARM_DEBUG_TETRA/Utils.o
                0x0000e0a0                std::_Vector_base<char, std::allocator<char> >::_M_get_Tp_allocator()
 .text._ZSt8_DestroyIPccEvT_S1_RSaIT0_E
                0x0000e0b8       0x1c Obj/GNU_ARM_DEBUG_TETRA/Utils.o
                0x0000e0b8                void std::_Destroy<char*, char>(char*, char*, std::allocator<char>&)
 .text._ZNKSt6vectorIcSaIcEE4sizeEv
                0x0000e0d4       0x20 Obj/GNU_ARM_DEBUG_TETRA/Utils.o
                0x0000e0d4                std::vector<char, std::allocator<char> >::size() const
 .text._ZSt22__uninitialized_copy_aIN9__gnu_cxx17__normal_iteratorIPKcSt6vectorIcSaIcEEEEPccET0_T_SA_S9_RSaIT1_E
                0x0000e0f4       0x24 Obj/GNU_ARM_DEBUG_TETRA/Utils.o
                0x0000e0f4                char* std::__uninitialized_copy_a<__gnu_cxx::__normal_iterator<char const*, std::vector<char, std::allocator<char> > >, char*, char>(__gnu_cxx::__normal_iterator<char const*, std::vector<char, std::allocator<char> > >, __gnu_cxx::__normal_iterator<char const*, std::vector<char, std::allocator<char> > >, char*, std::allocator<char>&)
 .text._ZNSaISt13_Rb_tree_nodeISt4pairIKSsSsEEED2Ev
                0x0000e118       0x18 Obj/GNU_ARM_DEBUG_TETRA/Utils.o
                0x0000e118                std::allocator<std::_Rb_tree_node<std::pair<std::string const, std::string> > >::~allocator()
                0x0000e118                std::allocator<std::_Rb_tree_node<std::pair<std::string const, std::string> > >::~allocator()
 .text._ZNSt8_Rb_treeISsSt4pairIKSsSsESt10_Select1stIS2_ESt4lessISsESaIS2_EE8_M_eraseEPSt13_Rb_tree_nodeIS2_E
                0x0000e130       0x40 Obj/GNU_ARM_DEBUG_TETRA/Utils.o
                0x0000e130                std::_Rb_tree<std::string, std::pair<std::string const, std::string>, std::_Select1st<std::pair<std::string const, std::string> >, std::less<std::string>, std::allocator<std::pair<std::string const, std::string> > >::_M_erase(std::_Rb_tree_node<std::pair<std::string const, std::string> >*)
 .text._ZNSt8_Rb_treeISsSt4pairIKSsSsESt10_Select1stIS2_ESt4lessISsESaIS2_EE8_M_beginEv
                0x0000e170       0x18 Obj/GNU_ARM_DEBUG_TETRA/Utils.o
                0x0000e170                std::_Rb_tree<std::string, std::pair<std::string const, std::string>, std::_Select1st<std::pair<std::string const, std::string> >, std::less<std::string>, std::allocator<std::pair<std::string const, std::string> > >::_M_begin()
 .text._ZNKSt6vectorIcSaIcEE8capacityEv
                0x0000e188       0x20 Obj/GNU_ARM_DEBUG_TETRA/Utils.o
                0x0000e188                std::vector<char, std::allocator<char> >::capacity() const
 .text._ZNSt6vectorIcSaIcEE20_M_allocate_and_copyIN9__gnu_cxx17__normal_iteratorIPKcS1_EEEEPcjT_S9_
                0x0000e1a8       0x5c Obj/GNU_ARM_DEBUG_TETRA/Utils.o
                0x0000e1a8                char* std::vector<char, std::allocator<char> >::_M_allocate_and_copy<__gnu_cxx::__normal_iterator<char const*, std::vector<char, std::allocator<char> > > >(unsigned int, __gnu_cxx::__normal_iterator<char const*, std::vector<char, std::allocator<char> > >, __gnu_cxx::__normal_iterator<char const*, std::vector<char, std::allocator<char> > >)
 .text._ZNSt12_Vector_baseIcSaIcEE13_M_deallocateEPcj
                0x0000e204       0x28 Obj/GNU_ARM_DEBUG_TETRA/Utils.o
                0x0000e204                std::_Vector_base<char, std::allocator<char> >::_M_deallocate(char*, unsigned int)
 .text._ZNSt6vectorIcSaIcEE5beginEv
                0x0000e22c       0x44 Obj/GNU_ARM_DEBUG_TETRA/Utils.o
                0x0000e22c                std::vector<char, std::allocator<char> >::begin()
 .text._ZSt4copyIN9__gnu_cxx17__normal_iteratorIPKcSt6vectorIcSaIcEEEENS1_IPcS6_EEET0_T_SB_SA_
                0x0000e270       0x30 Obj/GNU_ARM_DEBUG_TETRA/Utils.o
                0x0000e270                __gnu_cxx::__normal_iterator<char*, std::vector<char, std::allocator<char> > > std::copy<__gnu_cxx::__normal_iterator<char const*, std::vector<char, std::allocator<char> > >, __gnu_cxx::__normal_iterator<char*, std::vector<char, std::allocator<char> > > >(__gnu_cxx::__normal_iterator<char const*, std::vector<char, std::allocator<char> > >, __gnu_cxx::__normal_iterator<char const*, std::vector<char, std::allocator<char> > >, __gnu_cxx::__normal_iterator<char*, std::vector<char, std::allocator<char> > >)
 .text._ZNSt6vectorIcSaIcEE3endEv
                0x0000e2a0       0x48 Obj/GNU_ARM_DEBUG_TETRA/Utils.o
                0x0000e2a0                std::vector<char, std::allocator<char> >::end()
 .text._ZSt8_DestroyIN9__gnu_cxx17__normal_iteratorIPcSt6vectorIcSaIcEEEEcEvT_S7_RSaIT0_E
                0x0000e2e8       0x1c Obj/GNU_ARM_DEBUG_TETRA/Utils.o
                0x0000e2e8                void std::_Destroy<__gnu_cxx::__normal_iterator<char*, std::vector<char, std::allocator<char> > >, char>(__gnu_cxx::__normal_iterator<char*, std::vector<char, std::allocator<char> > >, __gnu_cxx::__normal_iterator<char*, std::vector<char, std::allocator<char> > >, std::allocator<char>&)
 .text._ZSt4copyIPcS0_ET0_T_S2_S1_
                0x0000e304       0x30 Obj/GNU_ARM_DEBUG_TETRA/Utils.o
                0x0000e304                char* std::copy<char*, char*>(char*, char*, char*)
 .text._ZSt22__uninitialized_copy_aIPcS0_cET0_T_S2_S1_RSaIT1_E
                0x0000e334       0x24 Obj/GNU_ARM_DEBUG_TETRA/Utils.o
                0x0000e334                char* std::__uninitialized_copy_a<char*, char*, char>(char*, char*, char*, std::allocator<char>&)
 .text._ZNSt8_Rb_treeISsSt4pairIKSsSsESt10_Select1stIS2_ESt4lessISsESaIS2_EEaSERKS8_
                0x0000e358       0xec Obj/GNU_ARM_DEBUG_TETRA/Utils.o
                0x0000e358                std::_Rb_tree<std::string, std::pair<std::string const, std::string>, std::_Select1st<std::pair<std::string const, std::string> >, std::less<std::string>, std::allocator<std::pair<std::string const, std::string> > >::operator=(std::_Rb_tree<std::string, std::pair<std::string const, std::string>, std::_Select1st<std::pair<std::string const, std::string> >, std::less<std::string>, std::allocator<std::pair<std::string const, std::string> > > const&)
 .text._ZNKSt6vectorIcSaIcEE11_M_data_ptrIPcEET_S4_
                0x0000e444       0x18 Obj/GNU_ARM_DEBUG_TETRA/Utils.o
                0x0000e444                char* std::vector<char, std::allocator<char> >::_M_data_ptr<char*>(char*) const
 .text._ZNSt8_Rb_treeISsSt4pairIKSsSsESt10_Select1stIS2_ESt4lessISsESaIS2_EEC2ERKS8_
                0x0000e45c       0xbc Obj/GNU_ARM_DEBUG_TETRA/Utils.o
                0x0000e45c                std::_Rb_tree<std::string, std::pair<std::string const, std::string>, std::_Select1st<std::pair<std::string const, std::string> >, std::less<std::string>, std::allocator<std::pair<std::string const, std::string> > >::_Rb_tree(std::_Rb_tree<std::string, std::pair<std::string const, std::string>, std::_Select1st<std::pair<std::string const, std::string> >, std::less<std::string>, std::allocator<std::pair<std::string const, std::string> > > const&)
                0x0000e45c                std::_Rb_tree<std::string, std::pair<std::string const, std::string>, std::_Select1st<std::pair<std::string const, std::string> >, std::less<std::string>, std::allocator<std::pair<std::string const, std::string> > >::_Rb_tree(std::_Rb_tree<std::string, std::pair<std::string const, std::string>, std::_Select1st<std::pair<std::string const, std::string> >, std::less<std::string>, std::allocator<std::pair<std::string const, std::string> > > const&)
 .text._ZN8ingenico5tools9SingletonI5UtilsE3refEv
                0x0000e518       0x98 Obj/GNU_ARM_DEBUG_TETRA/Utils.o
                0x0000e518                ingenico::tools::Singleton<Utils>::ref()
 .text._ZSt8_DestroyIPcEvT_S1_
                0x0000e5b0       0x1c Obj/GNU_ARM_DEBUG_TETRA/Utils.o
                0x0000e5b0                void std::_Destroy<char*>(char*, char*)
 .text._ZSt18uninitialized_copyIN9__gnu_cxx17__normal_iteratorIPKcSt6vectorIcSaIcEEEEPcET0_T_SA_S9_
                0x0000e5cc       0x24 Obj/GNU_ARM_DEBUG_TETRA/Utils.o
                0x0000e5cc                char* std::uninitialized_copy<__gnu_cxx::__normal_iterator<char const*, std::vector<char, std::allocator<char> > >, char*>(__gnu_cxx::__normal_iterator<char const*, std::vector<char, std::allocator<char> > >, __gnu_cxx::__normal_iterator<char const*, std::vector<char, std::allocator<char> > >, char*)
 .text._ZN9__gnu_cxx13new_allocatorISt13_Rb_tree_nodeISt4pairIKSsSsEEED2Ev
                0x0000e5f0       0x18 Obj/GNU_ARM_DEBUG_TETRA/Utils.o
                0x0000e5f0                __gnu_cxx::new_allocator<std::_Rb_tree_node<std::pair<std::string const, std::string> > >::~new_allocator()
                0x0000e5f0                __gnu_cxx::new_allocator<std::_Rb_tree_node<std::pair<std::string const, std::string> > >::~new_allocator()
 .text._ZNSt8_Rb_treeISsSt4pairIKSsSsESt10_Select1stIS2_ESt4lessISsESaIS2_EE8_S_rightEPSt18_Rb_tree_node_base
                0x0000e608       0x18 Obj/GNU_ARM_DEBUG_TETRA/Utils.o
                0x0000e608                std::_Rb_tree<std::string, std::pair<std::string const, std::string>, std::_Select1st<std::pair<std::string const, std::string> >, std::less<std::string>, std::allocator<std::pair<std::string const, std::string> > >::_S_right(std::_Rb_tree_node_base*)
 .text._ZNSt8_Rb_treeISsSt4pairIKSsSsESt10_Select1stIS2_ESt4lessISsESaIS2_EE7_S_leftEPSt18_Rb_tree_node_base
                0x0000e620       0x18 Obj/GNU_ARM_DEBUG_TETRA/Utils.o
                0x0000e620                std::_Rb_tree<std::string, std::pair<std::string const, std::string>, std::_Select1st<std::pair<std::string const, std::string> >, std::less<std::string>, std::allocator<std::pair<std::string const, std::string> > >::_S_left(std::_Rb_tree_node_base*)
 .text._ZNSt8_Rb_treeISsSt4pairIKSsSsESt10_Select1stIS2_ESt4lessISsESaIS2_EE12_M_drop_nodeEPSt13_Rb_tree_nodeIS2_E
                0x0000e638       0x24 Obj/GNU_ARM_DEBUG_TETRA/Utils.o
                0x0000e638                std::_Rb_tree<std::string, std::pair<std::string const, std::string>, std::_Select1st<std::pair<std::string const, std::string> >, std::less<std::string>, std::allocator<std::pair<std::string const, std::string> > >::_M_drop_node(std::_Rb_tree_node<std::pair<std::string const, std::string> >*)
 .text._ZNSt12_Vector_baseIcSaIcEE11_M_allocateEj
                0x0000e65c       0x28 Obj/GNU_ARM_DEBUG_TETRA/Utils.o
                0x0000e65c                std::_Vector_base<char, std::allocator<char> >::_M_allocate(unsigned int)
 .text._ZN9__gnu_cxx14__alloc_traitsISaIcEE10deallocateERS1_Pcj
                0x0000e684       0x20 Obj/GNU_ARM_DEBUG_TETRA/Utils.o
                0x0000e684                __gnu_cxx::__alloc_traits<std::allocator<char> >::deallocate(std::allocator<char>&, char*, unsigned int)
 .text._ZN9__gnu_cxx17__normal_iteratorIPcSt6vectorIcSaIcEEEC2ERKS1_
                0x0000e6a4       0x20 Obj/GNU_ARM_DEBUG_TETRA/Utils.o
                0x0000e6a4                __gnu_cxx::__normal_iterator<char*, std::vector<char, std::allocator<char> > >::__normal_iterator(char* const&)
                0x0000e6a4                __gnu_cxx::__normal_iterator<char*, std::vector<char, std::allocator<char> > >::__normal_iterator(char* const&)
 .text._ZSt12__miter_baseIN9__gnu_cxx17__normal_iteratorIPKcSt6vectorIcSaIcEEEEENSt11_Miter_baseIT_E13iterator_typeES9_
                0x0000e6c4       0x18 Obj/GNU_ARM_DEBUG_TETRA/Utils.o
                0x0000e6c4                std::_Miter_base<__gnu_cxx::__normal_iterator<char const*, std::vector<char, std::allocator<char> > > >::iterator_type std::__miter_base<__gnu_cxx::__normal_iterator<char const*, std::vector<char, std::allocator<char> > > >(__gnu_cxx::__normal_iterator<char const*, std::vector<char, std::allocator<char> > >)
 .text._ZSt14__copy_move_a2ILb0EN9__gnu_cxx17__normal_iteratorIPKcSt6vectorIcSaIcEEEENS1_IPcS6_EEET1_T0_SB_SA_
                0x0000e6dc       0x70 Obj/GNU_ARM_DEBUG_TETRA/Utils.o
                0x0000e6dc                __gnu_cxx::__normal_iterator<char*, std::vector<char, std::allocator<char> > > std::__copy_move_a2<false, __gnu_cxx::__normal_iterator<char const*, std::vector<char, std::allocator<char> > >, __gnu_cxx::__normal_iterator<char*, std::vector<char, std::allocator<char> > > >(__gnu_cxx::__normal_iterator<char const*, std::vector<char, std::allocator<char> > >, __gnu_cxx::__normal_iterator<char const*, std::vector<char, std::allocator<char> > >, __gnu_cxx::__normal_iterator<char*, std::vector<char, std::allocator<char> > >)
 .text._ZSt8_DestroyIN9__gnu_cxx17__normal_iteratorIPcSt6vectorIcSaIcEEEEEvT_S7_
                0x0000e74c       0x1c Obj/GNU_ARM_DEBUG_TETRA/Utils.o
                0x0000e74c                void std::_Destroy<__gnu_cxx::__normal_iterator<char*, std::vector<char, std::allocator<char> > > >(__gnu_cxx::__normal_iterator<char*, std::vector<char, std::allocator<char> > >, __gnu_cxx::__normal_iterator<char*, std::vector<char, std::allocator<char> > >)
 .text._ZSt12__miter_baseIPcENSt11_Miter_baseIT_E13iterator_typeES2_
                0x0000e768       0x18 Obj/GNU_ARM_DEBUG_TETRA/Utils.o
                0x0000e768                std::_Miter_base<char*>::iterator_type std::__miter_base<char*>(char*)
 .text._ZSt14__copy_move_a2ILb0EPcS0_ET1_T0_S2_S1_
                0x0000e780       0x38 Obj/GNU_ARM_DEBUG_TETRA/Utils.o
                0x0000e780                char* std::__copy_move_a2<false, char*, char*>(char*, char*, char*)
 .text._ZSt18uninitialized_copyIPcS0_ET0_T_S2_S1_
                0x0000e7b8       0x24 Obj/GNU_ARM_DEBUG_TETRA/Utils.o
                0x0000e7b8                char* std::uninitialized_copy<char*, char*>(char*, char*, char*)
 .text._ZNSt8_Rb_treeISsSt4pairIKSsSsESt10_Select1stIS2_ESt4lessISsESaIS2_EE20_Reuse_or_alloc_nodeC2ERS8_
                0x0000e7dc       0x64 Obj/GNU_ARM_DEBUG_TETRA/Utils.o
                0x0000e7dc                std::_Rb_tree<std::string, std::pair<std::string const, std::string>, std::_Select1st<std::pair<std::string const, std::string> >, std::less<std::string>, std::allocator<std::pair<std::string const, std::string> > >::_Reuse_or_alloc_node::_Reuse_or_alloc_node(std::_Rb_tree<std::string, std::pair<std::string const, std::string>, std::_Select1st<std::pair<std::string const, std::string> >, std::less<std::string>, std::allocator<std::pair<std::string const, std::string> > >&)
                0x0000e7dc                std::_Rb_tree<std::string, std::pair<std::string const, std::string>, std::_Select1st<std::pair<std::string const, std::string> >, std::less<std::string>, std::allocator<std::pair<std::string const, std::string> > >::_Reuse_or_alloc_node::_Reuse_or_alloc_node(std::_Rb_tree<std::string, std::pair<std::string const, std::string>, std::_Select1st<std::pair<std::string const, std::string> >, std::less<std::string>, std::allocator<std::pair<std::string const, std::string> > >&)
 .text._ZNSt8_Rb_treeISsSt4pairIKSsSsESt10_Select1stIS2_ESt4lessISsESaIS2_EE20_Reuse_or_alloc_nodeD2Ev
                0x0000e840       0x24 Obj/GNU_ARM_DEBUG_TETRA/Utils.o
                0x0000e840                std::_Rb_tree<std::string, std::pair<std::string const, std::string>, std::_Select1st<std::pair<std::string const, std::string> >, std::less<std::string>, std::allocator<std::pair<std::string const, std::string> > >::_Reuse_or_alloc_node::~_Reuse_or_alloc_node()
                0x0000e840                std::_Rb_tree<std::string, std::pair<std::string const, std::string>, std::_Select1st<std::pair<std::string const, std::string> >, std::less<std::string>, std::allocator<std::pair<std::string const, std::string> > >::_Reuse_or_alloc_node::~_Reuse_or_alloc_node()
 .text._ZNSt8_Rb_treeISsSt4pairIKSsSsESt10_Select1stIS2_ESt4lessISsESaIS2_EE13_Rb_tree_implIS6_Lb0EE8_M_resetEv
                0x0000e864       0x30 Obj/GNU_ARM_DEBUG_TETRA/Utils.o
                0x0000e864                std::_Rb_tree<std::string, std::pair<std::string const, std::string>, std::_Select1st<std::pair<std::string const, std::string> >, std::less<std::string>, std::allocator<std::pair<std::string const, std::string> > >::_Rb_tree_impl<std::less<std::string>, false>::_M_reset()
 .text._ZNKSt8_Rb_treeISsSt4pairIKSsSsESt10_Select1stIS2_ESt4lessISsESaIS2_EE7_M_rootEv
                0x0000e894       0x18 Obj/GNU_ARM_DEBUG_TETRA/Utils.o
                0x0000e894                std::_Rb_tree<std::string, std::pair<std::string const, std::string>, std::_Select1st<std::pair<std::string const, std::string> >, std::less<std::string>, std::allocator<std::pair<std::string const, std::string> > >::_M_root() const
 .text._ZNSt8_Rb_treeISsSt4pairIKSsSsESt10_Select1stIS2_ESt4lessISsESaIS2_EE7_M_rootEv
                0x0000e8ac       0x18 Obj/GNU_ARM_DEBUG_TETRA/Utils.o
                0x0000e8ac                std::_Rb_tree<std::string, std::pair<std::string const, std::string>, std::_Select1st<std::pair<std::string const, std::string> >, std::less<std::string>, std::allocator<std::pair<std::string const, std::string> > >::_M_root()
 .text._ZNKSt8_Rb_treeISsSt4pairIKSsSsESt10_Select1stIS2_ESt4lessISsESaIS2_EE8_M_beginEv
                0x0000e8c4       0x18 Obj/GNU_ARM_DEBUG_TETRA/Utils.o
                0x0000e8c4                std::_Rb_tree<std::string, std::pair<std::string const, std::string>, std::_Select1st<std::pair<std::string const, std::string> >, std::less<std::string>, std::allocator<std::pair<std::string const, std::string> > >::_M_begin() const
 .text._ZNSt8_Rb_treeISsSt4pairIKSsSsESt10_Select1stIS2_ESt4lessISsESaIS2_EE6_M_endEv
                0x0000e8dc       0x18 Obj/GNU_ARM_DEBUG_TETRA/Utils.o
                0x0000e8dc                std::_Rb_tree<std::string, std::pair<std::string const, std::string>, std::_Select1st<std::pair<std::string const, std::string> >, std::less<std::string>, std::allocator<std::pair<std::string const, std::string> > >::_M_end()
 .text._ZNSt8_Rb_treeISsSt4pairIKSsSsESt10_Select1stIS2_ESt4lessISsESaIS2_EE7_M_copyINS8_20_Reuse_or_alloc_nodeEEEPSt13_Rb_tree_nodeIS2_EPKSC_SD_RT_
                0x0000e8f4       0xc4 Obj/GNU_ARM_DEBUG_TETRA/Utils.o
                0x0000e8f4                std::_Rb_tree_node<std::pair<std::string const, std::string> >* std::_Rb_tree<std::string, std::pair<std::string const, std::string>, std::_Select1st<std::pair<std::string const, std::string> >, std::less<std::string>, std::allocator<std::pair<std::string const, std::string> > >::_M_copy<std::_Rb_tree<std::string, std::pair<std::string const, std::string>, std::_Select1st<std::pair<std::string const, std::string> >, std::less<std::string>, std::allocator<std::pair<std::string const, std::string> > >::_Reuse_or_alloc_node>(std::_Rb_tree_node<std::pair<std::string const, std::string> > const*, std::_Rb_tree_node<std::pair<std::string const, std::string> >*, std::_Rb_tree<std::string, std::pair<std::string const, std::string>, std::_Select1st<std::pair<std::string const, std::string> >, std::less<std::string>, std::allocator<std::pair<std::string const, std::string> > >::_Reuse_or_alloc_node&)
 .text._ZNSt8_Rb_treeISsSt4pairIKSsSsESt10_Select1stIS2_ESt4lessISsESaIS2_EE11_M_leftmostEv
                0x0000e9b8       0x18 Obj/GNU_ARM_DEBUG_TETRA/Utils.o
                0x0000e9b8                std::_Rb_tree<std::string, std::pair<std::string const, std::string>, std::_Select1st<std::pair<std::string const, std::string> >, std::less<std::string>, std::allocator<std::pair<std::string const, std::string> > >::_M_leftmost()
 .text._ZNSt8_Rb_treeISsSt4pairIKSsSsESt10_Select1stIS2_ESt4lessISsESaIS2_EE10_S_minimumEPSt18_Rb_tree_node_base
                0x0000e9d0       0x18 Obj/GNU_ARM_DEBUG_TETRA/Utils.o
                0x0000e9d0                std::_Rb_tree<std::string, std::pair<std::string const, std::string>, std::_Select1st<std::pair<std::string const, std::string> >, std::less<std::string>, std::allocator<std::pair<std::string const, std::string> > >::_S_minimum(std::_Rb_tree_node_base*)
 .text._ZNSt8_Rb_treeISsSt4pairIKSsSsESt10_Select1stIS2_ESt4lessISsESaIS2_EE12_M_rightmostEv
                0x0000e9e8       0x18 Obj/GNU_ARM_DEBUG_TETRA/Utils.o
                0x0000e9e8                std::_Rb_tree<std::string, std::pair<std::string const, std::string>, std::_Select1st<std::pair<std::string const, std::string> >, std::less<std::string>, std::allocator<std::pair<std::string const, std::string> > >::_M_rightmost()
 .text._ZNSt8_Rb_treeISsSt4pairIKSsSsESt10_Select1stIS2_ESt4lessISsESaIS2_EE10_S_maximumEPSt18_Rb_tree_node_base
                0x0000ea00       0x18 Obj/GNU_ARM_DEBUG_TETRA/Utils.o
                0x0000ea00                std::_Rb_tree<std::string, std::pair<std::string const, std::string>, std::_Select1st<std::pair<std::string const, std::string> >, std::less<std::string>, std::allocator<std::pair<std::string const, std::string> > >::_S_maximum(std::_Rb_tree_node_base*)
 .text._ZN9__gnu_cxx14__alloc_traitsISaISt13_Rb_tree_nodeISt4pairIKSsSsEEEE17_S_select_on_copyERKS6_
                0x0000ea18       0x18 Obj/GNU_ARM_DEBUG_TETRA/Utils.o
                0x0000ea18                __gnu_cxx::__alloc_traits<std::allocator<std::_Rb_tree_node<std::pair<std::string const, std::string> > > >::_S_select_on_copy(std::allocator<std::_Rb_tree_node<std::pair<std::string const, std::string> > > const&)
 .text._ZNKSt8_Rb_treeISsSt4pairIKSsSsESt10_Select1stIS2_ESt4lessISsESaIS2_EE21_M_get_Node_allocatorEv
                0x0000ea30       0x18 Obj/GNU_ARM_DEBUG_TETRA/Utils.o